Java HotSpot(TM) 64-Bit Server VM (25.191-b12) for bsd-amd64 JRE (1.8.0_191-b12), built on Oct  6 2018 08:37:07 by "java_re" with gcc 4.2.1 (Based on Apple Inc. build 5658) (LLVM build 2336.11.00)
Memory: 4k page, physical 8388608k(97972k free)

/proc/meminfo:

CommandLine flags: -XX:-BytecodeVerificationLocal -XX:-BytecodeVerificationRemote -XX:CompressedClassSpaceSize=96468992 -XX:+HeapDumpOnOutOfMemoryError -XX:HeapDumpPath=/Users/daiyanping/dump/heapdump-2.bin -XX:InitialHeapSize=104857600 -XX:+ManagementServer -XX:MaxHeapSize=104857600 -XX:MaxMetaspaceSize=104857600 -XX:MaxNewSize=52428800 -XX:MaxTenuringThreshold=15 -XX:MetaspaceSize=104857600 -XX:NewRatio=2 -XX:NewSize=52428800 -XX:+PrintGC -XX:+PrintGCDateStamps -XX:+PrintGCDetails -XX:+PrintGCTimeStamps -XX:SurvivorRatio=8 -XX:ThreadStackSize=1024 -XX:TieredStopAtLevel=1 -XX:+UseCompressedClassPointers -XX:+UseCompressedOops -XX:+UseG1GC
2020-07-10T15:54:52.679-0800: 5.974: [GC pause (GCLocker Initiated GC) (young), 0.0088970 secs]
   [Parallel Time: 5.7 ms, GC Workers: 4]
      [GC Worker Start (ms): Min: 5974.3, Avg: 5974.3, Max: 5974.3, Diff: 0.1]
      [Ext Root Scanning (ms): Min: 0.5, Avg: 0.7, Max: 1.4, Diff: 0.9, Sum: 2.9]
      [Update RS (ms): Min: 0.0, Avg: 0.0, Max: 0.0, Diff: 0.0, Sum: 0.0]
         [Processed Buffers: Min: 0, Avg: 0.0, Max: 0, Diff: 0, Sum: 0]
      [Scan RS (ms): Min: 0.0, Avg: 0.0, Max: 0.0, Diff: 0.0, Sum: 0.0]
      [Code Root Scanning (ms): Min: 0.0, Avg: 0.1, Max: 0.2, Diff: 0.2, Sum: 0.5]
      [Object Copy (ms): Min: 3.9, Avg: 4.0, Max: 4.2, Diff: 0.3, Sum: 16.2]
      [Termination (ms): Min: 0.0, Avg: 0.4, Max: 0.6, Diff: 0.6, Sum: 1.7]
         [Termination Attempts: Min: 1, Avg: 4.0, Max: 7, Diff: 6, Sum: 16]
      [GC Worker Other (ms): Min: 0.0, Avg: 0.0, Max: 0.0, Diff: 0.0, Sum: 0.1]
      [GC Worker Total (ms): Min: 5.3, Avg: 5.4, Max: 5.4, Diff: 0.1, Sum: 21.4]
      [GC Worker End (ms): Min: 5979.6, Avg: 5979.7, Max: 5979.7, Diff: 0.1]
   [Code Root Fixup: 0.0 ms]
   [Code Root Purge: 0.0 ms]
   [Clear CT: 0.1 ms]
   [Other: 3.0 ms]
      [Choose CSet: 0.0 ms]
      [Ref Proc: 2.5 ms]
      [Ref Enq: 0.0 ms]
      [Redirty Cards: 0.1 ms]
      [Humongous Register: 0.0 ms]
      [Humongous Reclaim: 0.0 ms]
      [Free CSet: 0.1 ms]
   [Eden: 51.0M(50.0M)->0.0B(44.0M) Survivors: 0.0B->6144.0K Heap: 50.5M(100.0M)->5768.5K(100.0M)]
 [Times: user=0.01 sys=0.00, real=0.01 secs]
2020-07-10T15:54:52.968-0800: 6.262: [GC pause (G1 Evacuation Pause) (young), 0.0058410 secs]
   [Parallel Time: 3.6 ms, GC Workers: 4]
      [GC Worker Start (ms): Min: 6262.5, Avg: 6262.5, Max: 6262.6, Diff: 0.1]
      [Ext Root Scanning (ms): Min: 0.2, Avg: 0.4, Max: 0.9, Diff: 0.7, Sum: 1.7]
      [Update RS (ms): Min: 0.0, Avg: 0.0, Max: 0.0, Diff: 0.0, Sum: 0.0]
         [Processed Buffers: Min: 0, Avg: 0.0, Max: 0, Diff: 0, Sum: 0]
      [Scan RS (ms): Min: 0.0, Avg: 0.0, Max: 0.0, Diff: 0.0, Sum: 0.0]
      [Code Root Scanning (ms): Min: 0.0, Avg: 0.1, Max: 0.5, Diff: 0.5, Sum: 0.5]
      [Object Copy (ms): Min: 2.7, Avg: 3.0, Max: 3.3, Diff: 0.6, Sum: 11.9]
      [Termination (ms): Min: 0.0, Avg: 0.0, Max: 0.0, Diff: 0.0, Sum: 0.0]
         [Termination Attempts: Min: 1, Avg: 2.8, Max: 5, Diff: 4, Sum: 11]
      [GC Worker Other (ms): Min: 0.0, Avg: 0.0, Max: 0.0, Diff: 0.0, Sum: 0.0]
      [GC Worker Total (ms): Min: 3.5, Avg: 3.5, Max: 3.6, Diff: 0.1, Sum: 14.2]
      [GC Worker End (ms): Min: 6266.1, Avg: 6266.1, Max: 6266.1, Diff: 0.0]
   [Code Root Fixup: 0.0 ms]
   [Code Root Purge: 0.0 ms]
   [Clear CT: 0.1 ms]
   [Other: 2.1 ms]
      [Choose CSet: 0.0 ms]
      [Ref Proc: 1.9 ms]
      [Ref Enq: 0.0 ms]
      [Redirty Cards: 0.1 ms]
      [Humongous Register: 0.0 ms]
      [Humongous Reclaim: 0.0 ms]
      [Free CSet: 0.1 ms]
   [Eden: 44.0M(44.0M)->0.0B(43.0M) Survivors: 6144.0K->7168.0K Heap: 49.6M(100.0M)->7331.0K(100.0M)]
 [Times: user=0.02 sys=0.00, real=0.01 secs]
2020-07-10T15:54:53.831-0800: 7.125: [GC pause (G1 Evacuation Pause) (young), 0.0074214 secs]
   [Parallel Time: 5.4 ms, GC Workers: 4]
      [GC Worker Start (ms): Min: 7125.5, Avg: 7125.5, Max: 7125.5, Diff: 0.0]
      [Ext Root Scanning (ms): Min: 0.1, Avg: 0.5, Max: 1.3, Diff: 1.2, Sum: 2.0]
      [Update RS (ms): Min: 0.0, Avg: 0.0, Max: 0.0, Diff: 0.0, Sum: 0.0]
         [Processed Buffers: Min: 0, Avg: 0.2, Max: 1, Diff: 1, Sum: 1]
      [Scan RS (ms): Min: 0.0, Avg: 0.0, Max: 0.0, Diff: 0.0, Sum: 0.0]
      [Code Root Scanning (ms): Min: 0.0, Avg: 0.2, Max: 0.4, Diff: 0.4, Sum: 0.9]
      [Object Copy (ms): Min: 4.1, Avg: 4.6, Max: 4.9, Diff: 0.8, Sum: 18.5]
      [Termination (ms): Min: 0.0, Avg: 0.0, Max: 0.0, Diff: 0.0, Sum: 0.0]
         [Termination Attempts: Min: 1, Avg: 5.0, Max: 8, Diff: 7, Sum: 20]
      [GC Worker Other (ms): Min: 0.0, Avg: 0.0, Max: 0.0, Diff: 0.0, Sum: 0.0]
      [GC Worker Total (ms): Min: 5.4, Avg: 5.4, Max: 5.4, Diff: 0.0, Sum: 21.5]
      [GC Worker End (ms): Min: 7130.9, Avg: 7130.9, Max: 7130.9, Diff: 0.0]
   [Code Root Fixup: 0.1 ms]
   [Code Root Purge: 0.0 ms]
   [Clear CT: 0.1 ms]
   [Other: 1.7 ms]
      [Choose CSet: 0.0 ms]
      [Ref Proc: 1.5 ms]
      [Ref Enq: 0.0 ms]
      [Redirty Cards: 0.1 ms]
      [Humongous Register: 0.0 ms]
      [Humongous Reclaim: 0.0 ms]
      [Free CSet: 0.1 ms]
   [Eden: 43.0M(43.0M)->0.0B(43.0M) Survivors: 7168.0K->7168.0K Heap: 50.2M(100.0M)->10068.0K(100.0M)]
 [Times: user=0.02 sys=0.00, real=0.00 secs]
2020-07-10T15:54:59.178-0800: 12.473: [GC pause (G1 Evacuation Pause) (young), 0.0050419 secs]
   [Parallel Time: 3.5 ms, GC Workers: 4]
      [GC Worker Start (ms): Min: 12472.7, Avg: 12472.7, Max: 12472.7, Diff: 0.1]
      [Ext Root Scanning (ms): Min: 0.2, Avg: 0.5, Max: 0.8, Diff: 0.7, Sum: 1.8]
      [Update RS (ms): Min: 0.0, Avg: 0.2, Max: 0.3, Diff: 0.3, Sum: 0.9]
         [Processed Buffers: Min: 0, Avg: 2.2, Max: 6, Diff: 6, Sum: 9]
      [Scan RS (ms): Min: 0.4, Avg: 0.5, Max: 0.6, Diff: 0.2, Sum: 2.1]
      [Code Root Scanning (ms): Min: 0.0, Avg: 0.1, Max: 0.3, Diff: 0.3, Sum: 0.4]
      [Object Copy (ms): Min: 2.1, Avg: 2.1, Max: 2.1, Diff: 0.0, Sum: 8.4]
      [Termination (ms): Min: 0.0, Avg: 0.0, Max: 0.0, Diff: 0.0, Sum: 0.0]
         [Termination Attempts: Min: 1, Avg: 3.0, Max: 5, Diff: 4, Sum: 12]
      [GC Worker Other (ms): Min: 0.0, Avg: 0.0, Max: 0.0, Diff: 0.0, Sum: 0.0]
      [GC Worker Total (ms): Min: 3.4, Avg: 3.4, Max: 3.4, Diff: 0.1, Sum: 13.6]
      [GC Worker End (ms): Min: 12476.1, Avg: 12476.1, Max: 12476.1, Diff: 0.0]
   [Code Root Fixup: 0.0 ms]
   [Code Root Purge: 0.0 ms]
   [Clear CT: 0.1 ms]
   [Other: 1.4 ms]
      [Choose CSet: 0.0 ms]
      [Ref Proc: 1.2 ms]
      [Ref Enq: 0.0 ms]
      [Redirty Cards: 0.1 ms]
      [Humongous Register: 0.0 ms]
      [Humongous Reclaim: 0.0 ms]
      [Free CSet: 0.0 ms]
   [Eden: 43.0M(43.0M)->0.0B(43.0M) Survivors: 7168.0K->7168.0K Heap: 52.8M(100.0M)->10.8M(100.0M)]
 [Times: user=0.01 sys=0.00, real=0.01 secs]
2020-07-10T15:55:09.494-0800: 22.789: [GC pause (G1 Evacuation Pause) (young), 0.0055162 secs]
   [Parallel Time: 4.0 ms, GC Workers: 4]
      [GC Worker Start (ms): Min: 22789.2, Avg: 22789.3, Max: 22789.3, Diff: 0.1]
      [Ext Root Scanning (ms): Min: 0.4, Avg: 0.7, Max: 1.1, Diff: 0.7, Sum: 2.8]
      [Update RS (ms): Min: 0.0, Avg: 0.2, Max: 0.4, Diff: 0.4, Sum: 0.9]
         [Processed Buffers: Min: 0, Avg: 3.0, Max: 6, Diff: 6, Sum: 12]
      [Scan RS (ms): Min: 0.0, Avg: 0.0, Max: 0.0, Diff: 0.0, Sum: 0.0]
      [Code Root Scanning (ms): Min: 0.0, Avg: 0.1, Max: 0.3, Diff: 0.3, Sum: 0.5]
      [Object Copy (ms): Min: 2.8, Avg: 2.8, Max: 2.9, Diff: 0.1, Sum: 11.2]
      [Termination (ms): Min: 0.0, Avg: 0.0, Max: 0.0, Diff: 0.0, Sum: 0.0]
         [Termination Attempts: Min: 1, Avg: 1.0, Max: 1, Diff: 0, Sum: 4]
      [GC Worker Other (ms): Min: 0.0, Avg: 0.0, Max: 0.0, Diff: 0.0, Sum: 0.1]
      [GC Worker Total (ms): Min: 3.8, Avg: 3.9, Max: 3.9, Diff: 0.1, Sum: 15.5]
      [GC Worker End (ms): Min: 22793.2, Avg: 22793.2, Max: 22793.2, Diff: 0.0]
   [Code Root Fixup: 0.0 ms]
   [Code Root Purge: 0.0 ms]
   [Clear CT: 0.1 ms]
   [Other: 1.4 ms]
      [Choose CSet: 0.0 ms]
      [Ref Proc: 1.2 ms]
      [Ref Enq: 0.0 ms]
      [Redirty Cards: 0.1 ms]
      [Humongous Register: 0.0 ms]
      [Humongous Reclaim: 0.0 ms]
      [Free CSet: 0.1 ms]
   [Eden: 43.0M(43.0M)->0.0B(43.0M) Survivors: 7168.0K->7168.0K Heap: 53.8M(100.0M)->11.0M(100.0M)]
 [Times: user=0.02 sys=0.00, real=0.01 secs]
2020-07-10T15:55:12.350-0800: 25.645: [GC pause (G1 Evacuation Pause) (young), 0.0054782 secs]
   [Parallel Time: 4.1 ms, GC Workers: 4]
      [GC Worker Start (ms): Min: 25644.7, Avg: 25644.8, Max: 25645.0, Diff: 0.2]
      [Ext Root Scanning (ms): Min: 0.2, Avg: 0.6, Max: 1.1, Diff: 0.8, Sum: 2.3]
      [Update RS (ms): Min: 0.0, Avg: 0.2, Max: 0.3, Diff: 0.3, Sum: 0.8]
         [Processed Buffers: Min: 0, Avg: 2.5, Max: 5, Diff: 5, Sum: 10]
      [Scan RS (ms): Min: 0.0, Avg: 0.0, Max: 0.0, Diff: 0.0, Sum: 0.0]
      [Code Root Scanning (ms): Min: 0.0, Avg: 0.1, Max: 0.4, Diff: 0.4, Sum: 0.6]
      [Object Copy (ms): Min: 2.8, Avg: 3.0, Max: 3.2, Diff: 0.4, Sum: 12.0]
      [Termination (ms): Min: 0.0, Avg: 0.0, Max: 0.0, Diff: 0.0, Sum: 0.0]
         [Termination Attempts: Min: 1, Avg: 1.2, Max: 2, Diff: 1, Sum: 5]
      [GC Worker Other (ms): Min: 0.0, Avg: 0.0, Max: 0.0, Diff: 0.0, Sum: 0.0]
      [GC Worker Total (ms): Min: 3.8, Avg: 3.9, Max: 4.0, Diff: 0.2, Sum: 15.8]
      [GC Worker End (ms): Min: 25648.7, Avg: 25648.7, Max: 25648.7, Diff: 0.0]
   [Code Root Fixup: 0.0 ms]
   [Code Root Purge: 0.0 ms]
   [Clear CT: 0.1 ms]
   [Other: 1.3 ms]
      [Choose CSet: 0.0 ms]
      [Ref Proc: 0.9 ms]
      [Ref Enq: 0.0 ms]
      [Redirty Cards: 0.1 ms]
      [Humongous Register: 0.0 ms]
      [Humongous Reclaim: 0.0 ms]
      [Free CSet: 0.1 ms]
   [Eden: 43.0M(43.0M)->0.0B(44.0M) Survivors: 7168.0K->6144.0K Heap: 54.0M(100.0M)->10.5M(100.0M)]
 [Times: user=0.01 sys=0.00, real=0.00 secs]
2020-07-10T15:55:14.859-0800: 28.153: [GC pause (G1 Evacuation Pause) (young), 0.0052704 secs]
   [Parallel Time: 4.2 ms, GC Workers: 4]
      [GC Worker Start (ms): Min: 28153.4, Avg: 28153.5, Max: 28153.6, Diff: 0.1]
      [Ext Root Scanning (ms): Min: 0.2, Avg: 0.6, Max: 1.0, Diff: 0.9, Sum: 2.3]
      [Update RS (ms): Min: 0.1, Avg: 0.5, Max: 0.8, Diff: 0.6, Sum: 1.9]
         [Processed Buffers: Min: 1, Avg: 3.5, Max: 7, Diff: 6, Sum: 14]
      [Scan RS (ms): Min: 0.0, Avg: 0.0, Max: 0.0, Diff: 0.0, Sum: 0.0]
      [Code Root Scanning (ms): Min: 0.0, Avg: 0.1, Max: 0.3, Diff: 0.3, Sum: 0.6]
      [Object Copy (ms): Min: 2.7, Avg: 2.9, Max: 3.1, Diff: 0.4, Sum: 11.6]
      [Termination (ms): Min: 0.0, Avg: 0.0, Max: 0.0, Diff: 0.0, Sum: 0.0]
         [Termination Attempts: Min: 1, Avg: 2.8, Max: 4, Diff: 3, Sum: 11]
      [GC Worker Other (ms): Min: 0.0, Avg: 0.0, Max: 0.0, Diff: 0.0, Sum: 0.1]
      [GC Worker Total (ms): Min: 4.0, Avg: 4.1, Max: 4.2, Diff: 0.1, Sum: 16.5]
      [GC Worker End (ms): Min: 28157.6, Avg: 28157.6, Max: 28157.6, Diff: 0.0]
   [Code Root Fixup: 0.0 ms]
   [Code Root Purge: 0.0 ms]
   [Clear CT: 0.1 ms]
   [Other: 0.9 ms]
      [Choose CSet: 0.0 ms]
      [Ref Proc: 0.7 ms]
      [Ref Enq: 0.0 ms]
      [Redirty Cards: 0.1 ms]
      [Humongous Register: 0.0 ms]
      [Humongous Reclaim: 0.0 ms]
      [Free CSet: 0.0 ms]
   [Eden: 44.0M(44.0M)->0.0B(45.0M) Survivors: 6144.0K->5120.0K Heap: 54.5M(100.0M)->11.4M(100.0M)]
 [Times: user=0.01 sys=0.00, real=0.01 secs]
2020-07-10T15:55:15.192-0800: 28.487: [GC pause (GCLocker Initiated GC) (young), 0.0156089 secs]
   [Parallel Time: 10.2 ms, GC Workers: 4]
      [GC Worker Start (ms): Min: 28487.4, Avg: 28487.6, Max: 28487.9, Diff: 0.5]
      [Ext Root Scanning (ms): Min: 0.2, Avg: 0.5, Max: 0.9, Diff: 0.7, Sum: 1.9]
      [Update RS (ms): Min: 0.0, Avg: 1.0, Max: 1.6, Diff: 1.6, Sum: 3.9]
         [Processed Buffers: Min: 0, Avg: 3.5, Max: 8, Diff: 8, Sum: 14]
      [Scan RS (ms): Min: 0.0, Avg: 1.6, Max: 6.4, Diff: 6.4, Sum: 6.5]
      [Code Root Scanning (ms): Min: 0.0, Avg: 0.8, Max: 2.7, Diff: 2.7, Sum: 3.3]
      [Object Copy (ms): Min: 0.1, Avg: 4.9, Max: 6.7, Diff: 6.6, Sum: 19.5]
      [Termination (ms): Min: 0.0, Avg: 1.1, Max: 1.5, Diff: 1.5, Sum: 4.3]
         [Termination Attempts: Min: 1, Avg: 1.0, Max: 1, Diff: 0, Sum: 4]
      [GC Worker Other (ms): Min: 0.0, Avg: 0.0, Max: 0.1, Diff: 0.1, Sum: 0.1]
      [GC Worker Total (ms): Min: 9.6, Avg: 9.9, Max: 10.1, Diff: 0.5, Sum: 39.6]
      [GC Worker End (ms): Min: 28497.3, Avg: 28497.5, Max: 28497.5, Diff: 0.2]
   [Code Root Fixup: 0.0 ms]
   [Code Root Purge: 0.0 ms]
   [Clear CT: 0.1 ms]
   [Other: 5.2 ms]
      [Choose CSet: 0.0 ms]
      [Ref Proc: 5.0 ms]
      [Ref Enq: 0.0 ms]
      [Redirty Cards: 0.1 ms]
      [Humongous Register: 0.0 ms]
      [Humongous Reclaim: 0.0 ms]
      [Free CSet: 0.1 ms]
   [Eden: 46.0M(45.0M)->0.0B(43.0M) Survivors: 5120.0K->7168.0K Heap: 56.5M(100.0M)->15.6M(100.0M)]
 [Times: user=0.02 sys=0.00, real=0.01 secs]
2020-07-10T15:55:15.440-0800: 28.735: [GC pause (G1 Evacuation Pause) (young), 0.0078316 secs]
   [Parallel Time: 6.0 ms, GC Workers: 4]
      [GC Worker Start (ms): Min: 28735.1, Avg: 28735.1, Max: 28735.1, Diff: 0.1]
      [Ext Root Scanning (ms): Min: 0.2, Avg: 0.5, Max: 1.1, Diff: 0.9, Sum: 2.0]
      [Update RS (ms): Min: 0.0, Avg: 0.4, Max: 0.5, Diff: 0.5, Sum: 1.5]
         [Processed Buffers: Min: 0, Avg: 3.5, Max: 7, Diff: 7, Sum: 14]
      [Scan RS (ms): Min: 0.0, Avg: 0.0, Max: 0.0, Diff: 0.0, Sum: 0.0]
      [Code Root Scanning (ms): Min: 0.0, Avg: 0.1, Max: 0.3, Diff: 0.3, Sum: 0.5]
      [Object Copy (ms): Min: 4.9, Avg: 5.0, Max: 5.0, Diff: 0.2, Sum: 19.8]
      [Termination (ms): Min: 0.0, Avg: 0.0, Max: 0.0, Diff: 0.0, Sum: 0.0]
         [Termination Attempts: Min: 1, Avg: 1.0, Max: 1, Diff: 0, Sum: 4]
      [GC Worker Other (ms): Min: 0.0, Avg: 0.0, Max: 0.0, Diff: 0.0, Sum: 0.0]
      [GC Worker Total (ms): Min: 5.9, Avg: 6.0, Max: 6.0, Diff: 0.1, Sum: 23.8]
      [GC Worker End (ms): Min: 28741.1, Avg: 28741.1, Max: 28741.1, Diff: 0.0]
   [Code Root Fixup: 0.0 ms]
   [Code Root Purge: 0.0 ms]
   [Clear CT: 0.1 ms]
   [Other: 1.7 ms]
      [Choose CSet: 0.0 ms]
      [Ref Proc: 1.4 ms]
      [Ref Enq: 0.0 ms]
      [Redirty Cards: 0.1 ms]
      [Humongous Register: 0.0 ms]
      [Humongous Reclaim: 0.0 ms]
      [Free CSet: 0.1 ms]
   [Eden: 43.0M(43.0M)->0.0B(43.0M) Survivors: 7168.0K->7168.0K Heap: 58.6M(100.0M)->19.2M(100.0M)]
 [Times: user=0.03 sys=0.00, real=0.00 secs]
2020-07-10T15:55:15.640-0800: 28.935: [GC pause (G1 Evacuation Pause) (young), 0.0069015 secs]
   [Parallel Time: 5.4 ms, GC Workers: 4]
      [GC Worker Start (ms): Min: 28935.1, Avg: 28935.2, Max: 28935.2, Diff: 0.1]
      [Ext Root Scanning (ms): Min: 0.3, Avg: 0.6, Max: 0.9, Diff: 0.6, Sum: 2.3]
      [Update RS (ms): Min: 0.3, Avg: 0.7, Max: 1.0, Diff: 0.6, Sum: 2.7]
         [Processed Buffers: Min: 3, Avg: 4.0, Max: 6, Diff: 3, Sum: 16]
      [Scan RS (ms): Min: 0.0, Avg: 0.2, Max: 0.3, Diff: 0.3, Sum: 0.7]
      [Code Root Scanning (ms): Min: 0.0, Avg: 0.0, Max: 0.1, Diff: 0.1, Sum: 0.1]
      [Object Copy (ms): Min: 3.8, Avg: 3.9, Max: 3.9, Diff: 0.1, Sum: 15.6]
      [Termination (ms): Min: 0.0, Avg: 0.0, Max: 0.0, Diff: 0.0, Sum: 0.0]
         [Termination Attempts: Min: 1, Avg: 1.0, Max: 1, Diff: 0, Sum: 4]
      [GC Worker Other (ms): Min: 0.0, Avg: 0.0, Max: 0.0, Diff: 0.0, Sum: 0.0]
      [GC Worker Total (ms): Min: 5.3, Avg: 5.4, Max: 5.4, Diff: 0.1, Sum: 21.4]
      [GC Worker End (ms): Min: 28940.5, Avg: 28940.5, Max: 28940.5, Diff: 0.0]
   [Code Root Fixup: 0.0 ms]
   [Code Root Purge: 0.0 ms]
   [Clear CT: 0.1 ms]
   [Other: 1.4 ms]
      [Choose CSet: 0.0 ms]
      [Ref Proc: 1.1 ms]
      [Ref Enq: 0.0 ms]
      [Redirty Cards: 0.1 ms]
      [Humongous Register: 0.0 ms]
      [Humongous Reclaim: 0.0 ms]
      [Free CSet: 0.0 ms]
   [Eden: 43.0M(43.0M)->0.0B(44.0M) Survivors: 7168.0K->6144.0K Heap: 62.2M(100.0M)->21.5M(100.0M)]
 [Times: user=0.02 sys=0.00, real=0.00 secs]
2020-07-10T15:55:15.907-0800: 29.201: [GC pause (G1 Evacuation Pause) (young), 0.0062546 secs]
   [Parallel Time: 4.4 ms, GC Workers: 4]
      [GC Worker Start (ms): Min: 29201.5, Avg: 29201.6, Max: 29201.6, Diff: 0.1]
      [Ext Root Scanning (ms): Min: 0.3, Avg: 0.4, Max: 0.7, Diff: 0.4, Sum: 1.7]
      [Update RS (ms): Min: 0.7, Avg: 0.9, Max: 1.1, Diff: 0.3, Sum: 3.6]
         [Processed Buffers: Min: 4, Avg: 4.8, Max: 6, Diff: 2, Sum: 19]
      [Scan RS (ms): Min: 0.1, Avg: 0.2, Max: 0.2, Diff: 0.1, Sum: 0.7]
      [Code Root Scanning (ms): Min: 0.0, Avg: 0.1, Max: 0.3, Diff: 0.3, Sum: 0.3]
      [Object Copy (ms): Min: 2.7, Avg: 2.7, Max: 2.8, Diff: 0.1, Sum: 10.9]
      [Termination (ms): Min: 0.0, Avg: 0.0, Max: 0.0, Diff: 0.0, Sum: 0.0]
         [Termination Attempts: Min: 1, Avg: 1.0, Max: 1, Diff: 0, Sum: 4]
      [GC Worker Other (ms): Min: 0.0, Avg: 0.0, Max: 0.0, Diff: 0.0, Sum: 0.0]
      [GC Worker Total (ms): Min: 4.3, Avg: 4.3, Max: 4.4, Diff: 0.1, Sum: 17.3]
      [GC Worker End (ms): Min: 29205.9, Avg: 29205.9, Max: 29205.9, Diff: 0.0]
   [Code Root Fixup: 0.0 ms]
   [Code Root Purge: 0.0 ms]
   [Clear CT: 0.1 ms]
   [Other: 1.7 ms]
      [Choose CSet: 0.0 ms]
      [Ref Proc: 1.5 ms]
      [Ref Enq: 0.0 ms]
      [Redirty Cards: 0.1 ms]
      [Humongous Register: 0.0 ms]
      [Humongous Reclaim: 0.0 ms]
      [Free CSet: 0.0 ms]
   [Eden: 44.0M(44.0M)->0.0B(43.0M) Survivors: 6144.0K->7168.0K Heap: 65.5M(100.0M)->24.0M(100.0M)]
 [Times: user=0.02 sys=0.00, real=0.01 secs]
2020-07-10T15:55:16.174-0800: 29.469: [GC pause (G1 Evacuation Pause) (young), 0.0071851 secs]
   [Parallel Time: 5.7 ms, GC Workers: 4]
      [GC Worker Start (ms): Min: 29468.8, Avg: 29469.1, Max: 29470.0, Diff: 1.3]
      [Ext Root Scanning (ms): Min: 0.0, Avg: 0.4, Max: 0.8, Diff: 0.8, Sum: 1.5]
      [Update RS (ms): Min: 0.0, Avg: 0.5, Max: 0.9, Diff: 0.9, Sum: 2.0]
         [Processed Buffers: Min: 0, Avg: 3.5, Max: 6, Diff: 6, Sum: 14]
      [Scan RS (ms): Min: 0.0, Avg: 0.0, Max: 0.0, Diff: 0.0, Sum: 0.0]
      [Code Root Scanning (ms): Min: 0.0, Avg: 0.1, Max: 0.4, Diff: 0.4, Sum: 0.5]
      [Object Copy (ms): Min: 4.2, Avg: 4.3, Max: 4.4, Diff: 0.2, Sum: 17.2]
      [Termination (ms): Min: 0.0, Avg: 0.0, Max: 0.0, Diff: 0.0, Sum: 0.0]
         [Termination Attempts: Min: 1, Avg: 1.0, Max: 1, Diff: 0, Sum: 4]
      [GC Worker Other (ms): Min: 0.0, Avg: 0.0, Max: 0.0, Diff: 0.0, Sum: 0.0]
      [GC Worker Total (ms): Min: 4.4, Avg: 5.3, Max: 5.7, Diff: 1.3, Sum: 21.3]
      [GC Worker End (ms): Min: 29474.4, Avg: 29474.4, Max: 29474.4, Diff: 0.0]
   [Code Root Fixup: 0.0 ms]
   [Code Root Purge: 0.0 ms]
   [Clear CT: 0.1 ms]
   [Other: 1.4 ms]
      [Choose CSet: 0.0 ms]
      [Ref Proc: 1.1 ms]
      [Ref Enq: 0.0 ms]
      [Redirty Cards: 0.1 ms]
      [Humongous Register: 0.0 ms]
      [Humongous Reclaim: 0.0 ms]
      [Free CSet: 0.0 ms]
   [Eden: 43.0M(43.0M)->0.0B(43.0M) Survivors: 7168.0K->7168.0K Heap: 67.0M(100.0M)->26.2M(100.0M)]
 [Times: user=0.02 sys=0.00, real=0.01 secs]
2020-07-10T15:55:16.436-0800: 29.731: [GC pause (G1 Evacuation Pause) (young), 0.0065775 secs]
   [Parallel Time: 5.4 ms, GC Workers: 4]
      [GC Worker Start (ms): Min: 29731.0, Avg: 29731.1, Max: 29731.1, Diff: 0.1]
      [Ext Root Scanning (ms): Min: 0.3, Avg: 0.5, Max: 0.9, Diff: 0.6, Sum: 2.2]
      [Update RS (ms): Min: 0.6, Avg: 1.0, Max: 1.2, Diff: 0.6, Sum: 4.0]
         [Processed Buffers: Min: 4, Avg: 5.2, Max: 8, Diff: 4, Sum: 21]
      [Scan RS (ms): Min: 0.1, Avg: 0.2, Max: 0.3, Diff: 0.2, Sum: 0.7]
      [Code Root Scanning (ms): Min: 0.0, Avg: 0.1, Max: 0.2, Diff: 0.2, Sum: 0.3]
      [Object Copy (ms): Min: 3.4, Avg: 3.5, Max: 3.6, Diff: 0.2, Sum: 13.8]
      [Termination (ms): Min: 0.0, Avg: 0.0, Max: 0.0, Diff: 0.0, Sum: 0.0]
         [Termination Attempts: Min: 1, Avg: 1.0, Max: 1, Diff: 0, Sum: 4]
      [GC Worker Other (ms): Min: 0.0, Avg: 0.0, Max: 0.0, Diff: 0.0, Sum: 0.0]
      [GC Worker Total (ms): Min: 5.2, Avg: 5.3, Max: 5.3, Diff: 0.1, Sum: 21.1]
      [GC Worker End (ms): Min: 29736.3, Avg: 29736.3, Max: 29736.3, Diff: 0.0]
   [Code Root Fixup: 0.0 ms]
   [Code Root Purge: 0.0 ms]
   [Clear CT: 0.1 ms]
   [Other: 1.1 ms]
      [Choose CSet: 0.0 ms]
      [Ref Proc: 0.9 ms]
      [Ref Enq: 0.0 ms]
      [Redirty Cards: 0.1 ms]
      [Humongous Register: 0.0 ms]
      [Humongous Reclaim: 0.0 ms]
      [Free CSet: 0.0 ms]
   [Eden: 43.0M(43.0M)->0.0B(44.0M) Survivors: 7168.0K->6144.0K Heap: 69.2M(100.0M)->28.3M(100.0M)]
 [Times: user=0.03 sys=0.00, real=0.01 secs]
2020-07-10T15:55:16.687-0800: 29.982: [GC pause (G1 Evacuation Pause) (young), 0.0069729 secs]
   [Parallel Time: 6.1 ms, GC Workers: 4]
      [GC Worker Start (ms): Min: 29982.2, Avg: 29982.2, Max: 29982.2, Diff: 0.1]
      [Ext Root Scanning (ms): Min: 0.3, Avg: 0.5, Max: 0.9, Diff: 0.7, Sum: 2.1]
      [Update RS (ms): Min: 1.1, Avg: 1.1, Max: 1.2, Diff: 0.1, Sum: 4.5]
         [Processed Buffers: Min: 3, Avg: 5.0, Max: 7, Diff: 4, Sum: 20]
      [Scan RS (ms): Min: 0.2, Avg: 0.3, Max: 0.4, Diff: 0.2, Sum: 1.3]
      [Code Root Scanning (ms): Min: 0.0, Avg: 0.1, Max: 0.2, Diff: 0.2, Sum: 0.3]
      [Object Copy (ms): Min: 3.8, Avg: 4.0, Max: 4.2, Diff: 0.3, Sum: 15.9]
      [Termination (ms): Min: 0.0, Avg: 0.0, Max: 0.0, Diff: 0.0, Sum: 0.0]
         [Termination Attempts: Min: 1, Avg: 1.0, Max: 1, Diff: 0, Sum: 4]
      [GC Worker Other (ms): Min: 0.0, Avg: 0.0, Max: 0.0, Diff: 0.0, Sum: 0.1]
      [GC Worker Total (ms): Min: 6.0, Avg: 6.0, Max: 6.1, Diff: 0.1, Sum: 24.1]
      [GC Worker End (ms): Min: 29988.2, Avg: 29988.2, Max: 29988.2, Diff: 0.0]
   [Code Root Fixup: 0.0 ms]
   [Code Root Purge: 0.0 ms]
   [Clear CT: 0.1 ms]
   [Other: 0.8 ms]
      [Choose CSet: 0.0 ms]
      [Ref Proc: 0.6 ms]
      [Ref Enq: 0.0 ms]
      [Redirty Cards: 0.1 ms]
      [Humongous Register: 0.0 ms]
      [Humongous Reclaim: 0.0 ms]
      [Free CSet: 0.0 ms]
   [Eden: 44.0M(44.0M)->0.0B(44.0M) Survivors: 6144.0K->6144.0K Heap: 72.3M(100.0M)->30.9M(100.0M)]
 [Times: user=0.02 sys=0.00, real=0.01 secs]
2020-07-10T15:55:16.975-0800: 30.270: [GC pause (G1 Evacuation Pause) (young), 0.0120383 secs]
   [Parallel Time: 10.0 ms, GC Workers: 4]
      [GC Worker Start (ms): Min: 30269.9, Avg: 30270.6, Max: 30272.6, Diff: 2.7]
      [Ext Root Scanning (ms): Min: 0.0, Avg: 0.7, Max: 1.1, Diff: 1.1, Sum: 2.7]
      [Update RS (ms): Min: 0.4, Avg: 1.7, Max: 2.7, Diff: 2.3, Sum: 6.9]
         [Processed Buffers: Min: 1, Avg: 5.8, Max: 10, Diff: 9, Sum: 23]
      [Scan RS (ms): Min: 0.0, Avg: 0.4, Max: 0.5, Diff: 0.5, Sum: 1.4]
      [Code Root Scanning (ms): Min: 0.0, Avg: 1.5, Max: 6.0, Diff: 6.0, Sum: 6.1]
      [Object Copy (ms): Min: 0.0, Avg: 4.0, Max: 5.7, Diff: 5.7, Sum: 16.1]
      [Termination (ms): Min: 0.0, Avg: 0.6, Max: 1.0, Diff: 1.0, Sum: 2.3]
         [Termination Attempts: Min: 1, Avg: 1.0, Max: 1, Diff: 0, Sum: 4]
      [GC Worker Other (ms): Min: 0.0, Avg: 0.0, Max: 0.0, Diff: 0.0, Sum: 0.0]
      [GC Worker Total (ms): Min: 6.8, Avg: 8.9, Max: 9.7, Diff: 2.9, Sum: 35.6]
      [GC Worker End (ms): Min: 30279.4, Avg: 30279.5, Max: 30279.8, Diff: 0.4]
   [Code Root Fixup: 0.0 ms]
   [Code Root Purge: 0.0 ms]
   [Clear CT: 0.1 ms]
   [Other: 2.0 ms]
      [Choose CSet: 0.0 ms]
      [Ref Proc: 1.8 ms]
      [Ref Enq: 0.0 ms]
      [Redirty Cards: 0.1 ms]
      [Humongous Register: 0.0 ms]
      [Humongous Reclaim: 0.0 ms]
      [Free CSet: 0.0 ms]
   [Eden: 44.0M(44.0M)->0.0B(43.0M) Survivors: 6144.0K->7168.0K Heap: 74.9M(100.0M)->34.0M(100.0M)]
 [Times: user=0.03 sys=0.00, real=0.01 secs]
2020-07-10T15:55:17.396-0800: 30.691: [GC pause (G1 Evacuation Pause) (young), 0.0084004 secs]
   [Parallel Time: 6.4 ms, GC Workers: 4]
      [GC Worker Start (ms): Min: 30690.7, Avg: 30690.8, Max: 30690.8, Diff: 0.1]
      [Ext Root Scanning (ms): Min: 0.3, Avg: 0.7, Max: 1.2, Diff: 0.8, Sum: 2.7]
      [Update RS (ms): Min: 1.1, Avg: 1.5, Max: 1.7, Diff: 0.7, Sum: 6.0]
         [Processed Buffers: Min: 4, Avg: 5.5, Max: 8, Diff: 4, Sum: 22]
      [Scan RS (ms): Min: 0.1, Avg: 0.1, Max: 0.2, Diff: 0.1, Sum: 0.5]
      [Code Root Scanning (ms): Min: 0.0, Avg: 0.1, Max: 0.1, Diff: 0.1, Sum: 0.3]
      [Object Copy (ms): Min: 3.8, Avg: 3.9, Max: 4.1, Diff: 0.3, Sum: 15.8]
      [Termination (ms): Min: 0.0, Avg: 0.0, Max: 0.0, Diff: 0.0, Sum: 0.0]
         [Termination Attempts: Min: 1, Avg: 4.8, Max: 9, Diff: 8, Sum: 19]
      [GC Worker Other (ms): Min: 0.0, Avg: 0.0, Max: 0.0, Diff: 0.0, Sum: 0.1]
      [GC Worker Total (ms): Min: 6.3, Avg: 6.3, Max: 6.4, Diff: 0.1, Sum: 25.4]
      [GC Worker End (ms): Min: 30697.1, Avg: 30697.1, Max: 30697.1, Diff: 0.0]
   [Code Root Fixup: 0.0 ms]
   [Code Root Purge: 0.0 ms]
   [Clear CT: 0.1 ms]
   [Other: 1.8 ms]
      [Choose CSet: 0.0 ms]
      [Ref Proc: 1.6 ms]
      [Ref Enq: 0.0 ms]
      [Redirty Cards: 0.1 ms]
      [Humongous Register: 0.0 ms]
      [Humongous Reclaim: 0.0 ms]
      [Free CSet: 0.1 ms]
   [Eden: 43.0M(43.0M)->0.0B(43.0M) Survivors: 7168.0K->7168.0K Heap: 77.0M(100.0M)->37.3M(100.0M)]
 [Times: user=0.02 sys=0.00, real=0.01 secs]
2020-07-10T15:55:17.601-0800: 30.896: [GC pause (G1 Evacuation Pause) (young), 0.0112447 secs]
   [Parallel Time: 9.4 ms, GC Workers: 4]
      [GC Worker Start (ms): Min: 30896.2, Avg: 30896.3, Max: 30896.3, Diff: 0.1]
      [Ext Root Scanning (ms): Min: 0.3, Avg: 0.5, Max: 1.1, Diff: 0.8, Sum: 2.2]
      [Update RS (ms): Min: 1.4, Avg: 1.7, Max: 1.9, Diff: 0.5, Sum: 6.7]
         [Processed Buffers: Min: 5, Avg: 6.8, Max: 10, Diff: 5, Sum: 27]
      [Scan RS (ms): Min: 0.0, Avg: 0.0, Max: 0.0, Diff: 0.0, Sum: 0.0]
      [Code Root Scanning (ms): Min: 0.0, Avg: 0.1, Max: 0.2, Diff: 0.2, Sum: 0.3]
      [Object Copy (ms): Min: 6.1, Avg: 6.4, Max: 6.8, Diff: 0.7, Sum: 25.5]
      [Termination (ms): Min: 0.0, Avg: 0.5, Max: 0.7, Diff: 0.7, Sum: 2.1]
         [Termination Attempts: Min: 1, Avg: 5.5, Max: 8, Diff: 7, Sum: 22]
      [GC Worker Other (ms): Min: 0.0, Avg: 0.0, Max: 0.0, Diff: 0.0, Sum: 0.0]
      [GC Worker Total (ms): Min: 9.0, Avg: 9.2, Max: 9.3, Diff: 0.3, Sum: 36.9]
      [GC Worker End (ms): Min: 30905.4, Avg: 30905.5, Max: 30905.5, Diff: 0.2]
   [Code Root Fixup: 0.0 ms]
   [Code Root Purge: 0.0 ms]
   [Clear CT: 0.1 ms]
   [Other: 1.8 ms]
      [Choose CSet: 0.0 ms]
      [Ref Proc: 1.6 ms]
      [Ref Enq: 0.0 ms]
      [Redirty Cards: 0.1 ms]
      [Humongous Register: 0.0 ms]
      [Humongous Reclaim: 0.0 ms]
      [Free CSet: 0.0 ms]
   [Eden: 43.0M(43.0M)->0.0B(43.0M) Survivors: 7168.0K->7168.0K Heap: 80.3M(100.0M)->41.8M(100.0M)]
 [Times: user=0.03 sys=0.00, real=0.01 secs]
2020-07-10T15:55:22.975-0800: 36.270: [GC pause (G1 Evacuation Pause) (young), 0.0110388 secs]
   [Parallel Time: 8.1 ms, GC Workers: 4]
      [GC Worker Start (ms): Min: 36269.9, Avg: 36269.9, Max: 36270.0, Diff: 0.1]
      [Ext Root Scanning (ms): Min: 0.8, Avg: 1.0, Max: 1.3, Diff: 0.5, Sum: 3.8]
      [Update RS (ms): Min: 1.9, Avg: 2.2, Max: 2.4, Diff: 0.5, Sum: 8.6]
         [Processed Buffers: Min: 6, Avg: 9.2, Max: 11, Diff: 5, Sum: 37]
      [Scan RS (ms): Min: 0.0, Avg: 0.1, Max: 0.1, Diff: 0.1, Sum: 0.3]
      [Code Root Scanning (ms): Min: 0.0, Avg: 0.1, Max: 0.2, Diff: 0.2, Sum: 0.2]
      [Object Copy (ms): Min: 4.7, Avg: 4.8, Max: 4.9, Diff: 0.2, Sum: 19.1]
      [Termination (ms): Min: 0.0, Avg: 0.0, Max: 0.0, Diff: 0.0, Sum: 0.0]
         [Termination Attempts: Min: 1, Avg: 1.2, Max: 2, Diff: 1, Sum: 5]
      [GC Worker Other (ms): Min: 0.0, Avg: 0.0, Max: 0.0, Diff: 0.0, Sum: 0.0]
      [GC Worker Total (ms): Min: 8.0, Avg: 8.0, Max: 8.1, Diff: 0.1, Sum: 32.1]
      [GC Worker End (ms): Min: 36277.9, Avg: 36277.9, Max: 36277.9, Diff: 0.0]
   [Code Root Fixup: 0.0 ms]
   [Code Root Purge: 0.0 ms]
   [Clear CT: 0.2 ms]
   [Other: 2.7 ms]
      [Choose CSet: 0.0 ms]
      [Ref Proc: 2.3 ms]
      [Ref Enq: 0.0 ms]
      [Redirty Cards: 0.1 ms]
      [Humongous Register: 0.0 ms]
      [Humongous Reclaim: 0.0 ms]
      [Free CSet: 0.1 ms]
   [Eden: 43.0M(43.0M)->0.0B(43.0M) Survivors: 7168.0K->7168.0K Heap: 84.8M(100.0M)->45.9M(100.0M)]
 [Times: user=0.03 sys=0.01, real=0.01 secs]
2020-07-10T15:55:23.382-0800: 36.677: [GC pause (G1 Evacuation Pause) (young), 0.0102565 secs]
   [Parallel Time: 8.7 ms, GC Workers: 4]
      [GC Worker Start (ms): Min: 36677.4, Avg: 36677.5, Max: 36677.5, Diff: 0.1]
      [Ext Root Scanning (ms): Min: 0.4, Avg: 0.6, Max: 1.0, Diff: 0.6, Sum: 2.4]
      [Update RS (ms): Min: 2.5, Avg: 2.8, Max: 3.0, Diff: 0.5, Sum: 11.0]
         [Processed Buffers: Min: 4, Avg: 8.2, Max: 11, Diff: 7, Sum: 33]
      [Scan RS (ms): Min: 0.0, Avg: 0.0, Max: 0.1, Diff: 0.1, Sum: 0.2]
      [Code Root Scanning (ms): Min: 0.0, Avg: 0.3, Max: 1.0, Diff: 1.0, Sum: 1.1]
      [Object Copy (ms): Min: 4.4, Avg: 4.9, Max: 5.2, Diff: 0.8, Sum: 19.8]
      [Termination (ms): Min: 0.0, Avg: 0.0, Max: 0.0, Diff: 0.0, Sum: 0.0]
         [Termination Attempts: Min: 1, Avg: 4.5, Max: 8, Diff: 7, Sum: 18]
      [GC Worker Other (ms): Min: 0.0, Avg: 0.0, Max: 0.0, Diff: 0.0, Sum: 0.0]
      [GC Worker Total (ms): Min: 8.6, Avg: 8.6, Max: 8.7, Diff: 0.1, Sum: 34.5]
      [GC Worker End (ms): Min: 36686.1, Avg: 36686.1, Max: 36686.1, Diff: 0.0]
   [Code Root Fixup: 0.0 ms]
   [Code Root Purge: 0.0 ms]
   [Clear CT: 0.1 ms]
   [Other: 1.4 ms]
      [Choose CSet: 0.0 ms]
      [Ref Proc: 1.2 ms]
      [Ref Enq: 0.0 ms]
      [Redirty Cards: 0.1 ms]
      [Humongous Register: 0.0 ms]
      [Humongous Reclaim: 0.0 ms]
      [Free CSet: 0.1 ms]
   [Eden: 43.0M(43.0M)->0.0B(46.0M) Survivors: 7168.0K->4096.0K Heap: 88.9M(100.0M)->47.5M(100.0M)]
 [Times: user=0.03 sys=0.00, real=0.01 secs]
2020-07-10T15:55:23.730-0800: 37.025: [GC pause (G1 Evacuation Pause) (young) (to-space exhausted), 0.0184000 secs]
   [Parallel Time: 9.6 ms, GC Workers: 4]
      [GC Worker Start (ms): Min: 37024.9, Avg: 37025.1, Max: 37025.4, Diff: 0.5]
      [Ext Root Scanning (ms): Min: 0.2, Avg: 0.7, Max: 1.1, Diff: 0.9, Sum: 2.7]
      [Update RS (ms): Min: 1.5, Avg: 1.6, Max: 1.7, Diff: 0.2, Sum: 6.3]
         [Processed Buffers: Min: 5, Avg: 7.2, Max: 9, Diff: 4, Sum: 29]
      [Scan RS (ms): Min: 0.3, Avg: 0.3, Max: 0.5, Diff: 0.2, Sum: 1.4]
      [Code Root Scanning (ms): Min: 0.0, Avg: 0.0, Max: 0.1, Diff: 0.1, Sum: 0.2]
      [Object Copy (ms): Min: 6.5, Avg: 6.7, Max: 6.9, Diff: 0.3, Sum: 26.9]
      [Termination (ms): Min: 0.0, Avg: 0.0, Max: 0.0, Diff: 0.0, Sum: 0.1]
         [Termination Attempts: Min: 1, Avg: 1.0, Max: 1, Diff: 0, Sum: 4]
      [GC Worker Other (ms): Min: 0.0, Avg: 0.0, Max: 0.0, Diff: 0.0, Sum: 0.0]
      [GC Worker Total (ms): Min: 9.1, Avg: 9.4, Max: 9.5, Diff: 0.5, Sum: 37.6]
      [GC Worker End (ms): Min: 37034.5, Avg: 37034.5, Max: 37034.5, Diff: 0.0]
   [Code Root Fixup: 0.0 ms]
   [Code Root Purge: 0.0 ms]
   [Clear CT: 0.1 ms]
   [Other: 8.8 ms]
      [Evacuation Failure: 7.5 ms]
      [Choose CSet: 0.0 ms]
      [Ref Proc: 1.0 ms]
      [Ref Enq: 0.0 ms]
      [Redirty Cards: 0.1 ms]
      [Humongous Register: 0.0 ms]
      [Humongous Reclaim: 0.0 ms]
      [Free CSet: 0.0 ms]
   [Eden: 46.0M(46.0M)->0.0B(44.0M) Survivors: 4096.0K->6144.0K Heap: 93.5M(100.0M)->95.0M(100.0M)]
 [Times: user=0.05 sys=0.00, real=0.01 secs]
2020-07-10T15:55:23.795-0800: 37.090: [GC pause (G1 Evacuation Pause) (young) (initial-mark) (to-space exhausted), 0.0447475 secs]
   [Parallel Time: 39.9 ms, GC Workers: 4]
      [GC Worker Start (ms): Min: 37089.7, Avg: 37089.7, Max: 37089.7, Diff: 0.1]
      [Ext Root Scanning (ms): Min: 1.5, Avg: 7.7, Max: 14.3, Diff: 12.8, Sum: 30.9]
      [Update RS (ms): Min: 0.8, Avg: 1.0, Max: 1.6, Diff: 0.8, Sum: 4.1]
         [Processed Buffers: Min: 5, Avg: 7.5, Max: 14, Diff: 9, Sum: 30]
      [Scan RS (ms): Min: 0.0, Avg: 0.0, Max: 0.0, Diff: 0.0, Sum: 0.0]
      [Code Root Scanning (ms): Min: 0.0, Avg: 0.0, Max: 0.1, Diff: 0.1, Sum: 0.1]
      [Object Copy (ms): Min: 23.8, Avg: 30.9, Max: 37.3, Diff: 13.6, Sum: 123.8]
      [Termination (ms): Min: 0.0, Avg: 0.0, Max: 0.0, Diff: 0.0, Sum: 0.0]
         [Termination Attempts: Min: 1, Avg: 1.8, Max: 3, Diff: 2, Sum: 7]
      [GC Worker Other (ms): Min: 0.0, Avg: 0.0, Max: 0.0, Diff: 0.0, Sum: 0.0]
      [GC Worker Total (ms): Min: 39.7, Avg: 39.8, Max: 39.8, Diff: 0.1, Sum: 159.0]
      [GC Worker End (ms): Min: 37129.5, Avg: 37129.5, Max: 37129.5, Diff: 0.0]
   [Code Root Fixup: 0.0 ms]
   [Code Root Purge: 0.0 ms]
   [Clear CT: 0.0 ms]
   [Other: 4.8 ms]
      [Evacuation Failure: 4.1 ms]
      [Choose CSet: 0.0 ms]
      [Ref Proc: 0.5 ms]
      [Ref Enq: 0.0 ms]
      [Redirty Cards: 0.1 ms]
      [Humongous Register: 0.0 ms]
      [Humongous Reclaim: 0.0 ms]
      [Free CSet: 0.0 ms]
   [Eden: 5120.0K(44.0M)->0.0B(50.0M) Survivors: 6144.0K->0.0B Heap: 100.0M(100.0M)->100.0M(100.0M)]
 [Times: user=0.07 sys=0.01, real=0.04 secs]
2020-07-10T15:55:23.840-0800: 37.134: [GC concurrent-root-region-scan-start]
2020-07-10T15:55:23.840-0800: 37.135: [GC concurrent-root-region-scan-end, 0.0000828 secs]
2020-07-10T15:55:23.840-0800: 37.135: [GC concurrent-mark-start]
2020-07-10T15:55:23.841-0800: 37.136: [GC pause (G1 Evacuation Pause) (young), 0.0040720 secs]
   [Parallel Time: 3.2 ms, GC Workers: 4]
      [GC Worker Start (ms): Min: 37135.9, Avg: 37135.9, Max: 37136.0, Diff: 0.1]
      [Ext Root Scanning (ms): Min: 0.4, Avg: 0.5, Max: 0.8, Diff: 0.4, Sum: 2.0]
      [Update RS (ms): Min: 2.3, Avg: 2.5, Max: 2.7, Diff: 0.4, Sum: 10.0]
         [Processed Buffers: Min: 8, Avg: 10.0, Max: 11, Diff: 3, Sum: 40]
      [Scan RS (ms): Min: 0.0, Avg: 0.0, Max: 0.0, Diff: 0.0, Sum: 0.0]
      [Code Root Scanning (ms): Min: 0.0, Avg: 0.0, Max: 0.0, Diff: 0.0, Sum: 0.0]
      [Object Copy (ms): Min: 0.0, Avg: 0.0, Max: 0.0, Diff: 0.0, Sum: 0.1]
      [Termination (ms): Min: 0.0, Avg: 0.1, Max: 0.2, Diff: 0.2, Sum: 0.5]
         [Termination Attempts: Min: 1, Avg: 1.0, Max: 1, Diff: 0, Sum: 4]
      [GC Worker Other (ms): Min: 0.0, Avg: 0.0, Max: 0.0, Diff: 0.0, Sum: 0.0]
      [GC Worker Total (ms): Min: 3.1, Avg: 3.2, Max: 3.2, Diff: 0.1, Sum: 12.6]
      [GC Worker End (ms): Min: 37139.1, Avg: 37139.1, Max: 37139.1, Diff: 0.0]
   [Code Root Fixup: 0.0 ms]
   [Code Root Purge: 0.0 ms]
   [Clear CT: 0.1 ms]
   [Other: 0.8 ms]
      [Choose CSet: 0.0 ms]
      [Ref Proc: 0.6 ms]
      [Ref Enq: 0.0 ms]
      [Redirty Cards: 0.1 ms]
      [Humongous Register: 0.0 ms]
      [Humongous Reclaim: 0.0 ms]
      [Free CSet: 0.0 ms]
   [Eden: 0.0B(50.0M)->0.0B(50.0M) Survivors: 0.0B->0.0B Heap: 100.0M(100.0M)->100.0M(100.0M)]
 [Times: user=0.02 sys=0.00, real=0.00 secs]
2020-07-10T15:55:23.845-0800: 37.140: [GC pause (G1 Evacuation Pause) (young), 0.0016970 secs]
   [Parallel Time: 0.9 ms, GC Workers: 4]
      [GC Worker Start (ms): Min: 37140.2, Avg: 37140.3, Max: 37140.3, Diff: 0.1]
      [Ext Root Scanning (ms): Min: 0.3, Avg: 0.4, Max: 0.7, Diff: 0.4, Sum: 1.7]
      [Update RS (ms): Min: 0.0, Avg: 0.0, Max: 0.0, Diff: 0.0, Sum: 0.0]
         [Processed Buffers: Min: 0, Avg: 0.2, Max: 1, Diff: 1, Sum: 1]
      [Scan RS (ms): Min: 0.0, Avg: 0.0, Max: 0.0, Diff: 0.0, Sum: 0.0]
      [Code Root Scanning (ms): Min: 0.0, Avg: 0.0, Max: 0.0, Diff: 0.0, Sum: 0.0]
      [Object Copy (ms): Min: 0.0, Avg: 0.0, Max: 0.0, Diff: 0.0, Sum: 0.1]
      [Termination (ms): Min: 0.0, Avg: 0.3, Max: 0.4, Diff: 0.4, Sum: 1.1]
         [Termination Attempts: Min: 1, Avg: 1.0, Max: 1, Diff: 0, Sum: 4]
      [GC Worker Other (ms): Min: 0.0, Avg: 0.0, Max: 0.0, Diff: 0.0, Sum: 0.0]
      [GC Worker Total (ms): Min: 0.7, Avg: 0.8, Max: 0.8, Diff: 0.1, Sum: 3.0]
      [GC Worker End (ms): Min: 37140.9, Avg: 37141.0, Max: 37141.1, Diff: 0.1]
   [Code Root Fixup: 0.0 ms]
   [Code Root Purge: 0.0 ms]
   [Clear CT: 0.1 ms]
   [Other: 0.7 ms]
      [Choose CSet: 0.0 ms]
      [Ref Proc: 0.6 ms]
      [Ref Enq: 0.0 ms]
      [Redirty Cards: 0.1 ms]
      [Humongous Register: 0.0 ms]
      [Humongous Reclaim: 0.0 ms]
      [Free CSet: 0.0 ms]
   [Eden: 0.0B(50.0M)->0.0B(50.0M) Survivors: 0.0B->0.0B Heap: 100.0M(100.0M)->100.0M(100.0M)]
 [Times: user=0.00 sys=0.00, real=0.00 secs]
2020-07-10T15:55:23.847-0800: 37.142: [Full GC (Allocation Failure)  100M->26M(100M), 0.1022012 secs]
   [Eden: 0.0B(50.0M)->0.0B(50.0M) Survivors: 0.0B->0.0B Heap: 100.0M(100.0M)->26.5M(100.0M)], [Metaspace: 49875K->49567K(1093632K)]
 [Times: user=0.13 sys=0.01, real=0.10 secs]
2020-07-10T15:55:23.950-0800: 37.245: [GC concurrent-mark-abort]
2020-07-10T15:55:24.239-0800: 37.534: [GC pause (G1 Evacuation Pause) (young), 0.0048249 secs]
   [Parallel Time: 3.2 ms, GC Workers: 4]
      [GC Worker Start (ms): Min: 37533.9, Avg: 37533.9, Max: 37534.0, Diff: 0.1]
      [Ext Root Scanning (ms): Min: 0.4, Avg: 0.7, Max: 1.0, Diff: 0.5, Sum: 2.7]
      [Update RS (ms): Min: 0.7, Avg: 0.9, Max: 1.1, Diff: 0.4, Sum: 3.5]
         [Processed Buffers: Min: 2, Avg: 5.0, Max: 11, Diff: 9, Sum: 20]
      [Scan RS (ms): Min: 0.0, Avg: 0.0, Max: 0.0, Diff: 0.0, Sum: 0.0]
      [Code Root Scanning (ms): Min: 0.0, Avg: 0.0, Max: 0.1, Diff: 0.1, Sum: 0.1]
      [Object Copy (ms): Min: 1.4, Avg: 1.5, Max: 1.7, Diff: 0.3, Sum: 6.2]
      [Termination (ms): Min: 0.0, Avg: 0.0, Max: 0.0, Diff: 0.0, Sum: 0.0]
         [Termination Attempts: Min: 1, Avg: 1.0, Max: 1, Diff: 0, Sum: 4]
      [GC Worker Other (ms): Min: 0.0, Avg: 0.0, Max: 0.0, Diff: 0.0, Sum: 0.0]
      [GC Worker Total (ms): Min: 3.1, Avg: 3.1, Max: 3.1, Diff: 0.1, Sum: 12.5]
      [GC Worker End (ms): Min: 37537.1, Avg: 37537.1, Max: 37537.1, Diff: 0.0]
   [Code Root Fixup: 0.0 ms]
   [Code Root Purge: 0.1 ms]
   [Clear CT: 0.1 ms]
   [Other: 1.4 ms]
      [Choose CSet: 0.0 ms]
      [Ref Proc: 1.2 ms]
      [Ref Enq: 0.0 ms]
      [Redirty Cards: 0.1 ms]
      [Humongous Register: 0.0 ms]
      [Humongous Reclaim: 0.0 ms]
      [Free CSet: 0.0 ms]
   [Eden: 50.0M(50.0M)->0.0B(47.0M) Survivors: 0.0B->3072.0K Heap: 77.0M(100.0M)->28.7M(100.0M)]
 [Times: user=0.01 sys=0.00, real=0.01 secs]
2020-07-10T15:55:24.635-0800: 37.930: [GC pause (G1 Evacuation Pause) (young), 0.0065845 secs]
   [Parallel Time: 5.3 ms, GC Workers: 4]
      [GC Worker Start (ms): Min: 37929.8, Avg: 37929.8, Max: 37929.8, Diff: 0.0]
      [Ext Root Scanning (ms): Min: 0.4, Avg: 0.7, Max: 1.0, Diff: 0.6, Sum: 2.7]
      [Update RS (ms): Min: 0.9, Avg: 1.2, Max: 1.4, Diff: 0.6, Sum: 4.7]
         [Processed Buffers: Min: 4, Avg: 4.8, Max: 6, Diff: 2, Sum: 19]
      [Scan RS (ms): Min: 0.0, Avg: 0.0, Max: 0.0, Diff: 0.0, Sum: 0.0]
      [Code Root Scanning (ms): Min: 0.0, Avg: 0.0, Max: 0.1, Diff: 0.1, Sum: 0.1]
      [Object Copy (ms): Min: 2.6, Avg: 2.8, Max: 3.1, Diff: 0.5, Sum: 11.3]
      [Termination (ms): Min: 0.0, Avg: 0.5, Max: 0.7, Diff: 0.7, Sum: 1.8]
         [Termination Attempts: Min: 1, Avg: 1.0, Max: 1, Diff: 0, Sum: 4]
      [GC Worker Other (ms): Min: 0.0, Avg: 0.0, Max: 0.0, Diff: 0.0, Sum: 0.0]
      [GC Worker Total (ms): Min: 5.1, Avg: 5.1, Max: 5.2, Diff: 0.1, Sum: 20.6]
      [GC Worker End (ms): Min: 37934.8, Avg: 37934.9, Max: 37935.0, Diff: 0.2]
   [Code Root Fixup: 0.0 ms]
   [Code Root Purge: 0.0 ms]
   [Clear CT: 0.1 ms]
   [Other: 1.2 ms]
      [Choose CSet: 0.0 ms]
      [Ref Proc: 0.9 ms]
      [Ref Enq: 0.1 ms]
      [Redirty Cards: 0.0 ms]
      [Humongous Register: 0.0 ms]
      [Humongous Reclaim: 0.0 ms]
      [Free CSet: 0.1 ms]
   [Eden: 47.0M(47.0M)->0.0B(43.0M) Survivors: 3072.0K->7168.0K Heap: 75.7M(100.0M)->33.2M(100.0M)]
 [Times: user=0.02 sys=0.00, real=0.01 secs]
2020-07-10T15:55:24.926-0800: 38.221: [GC pause (G1 Evacuation Pause) (young), 0.0112012 secs]
   [Parallel Time: 8.3 ms, GC Workers: 4]
      [GC Worker Start (ms): Min: 38220.6, Avg: 38222.9, Max: 38228.7, Diff: 8.2]
      [Ext Root Scanning (ms): Min: 0.0, Avg: 0.7, Max: 1.3, Diff: 1.3, Sum: 2.8]
      [Update RS (ms): Min: 0.0, Avg: 1.3, Max: 1.8, Diff: 1.8, Sum: 5.2]
         [Processed Buffers: Min: 0, Avg: 5.2, Max: 9, Diff: 9, Sum: 21]
      [Scan RS (ms): Min: 0.0, Avg: 0.0, Max: 0.0, Diff: 0.0, Sum: 0.0]
      [Code Root Scanning (ms): Min: 0.0, Avg: 0.0, Max: 0.1, Diff: 0.1, Sum: 0.1]
      [Object Copy (ms): Min: 0.0, Avg: 3.2, Max: 4.4, Diff: 4.4, Sum: 13.0]
      [Termination (ms): Min: 0.0, Avg: 0.6, Max: 0.9, Diff: 0.9, Sum: 2.6]
         [Termination Attempts: Min: 1, Avg: 1.0, Max: 1, Diff: 0, Sum: 4]
      [GC Worker Other (ms): Min: 0.0, Avg: 0.0, Max: 0.0, Diff: 0.0, Sum: 0.1]
      [GC Worker Total (ms): Min: 0.0, Avg: 5.9, Max: 8.3, Diff: 8.2, Sum: 23.8]
      [GC Worker End (ms): Min: 38228.8, Avg: 38228.8, Max: 38228.9, Diff: 0.1]
   [Code Root Fixup: 0.0 ms]
   [Code Root Purge: 0.0 ms]
   [Clear CT: 0.1 ms]
   [Other: 2.8 ms]
      [Choose CSet: 0.0 ms]
      [Ref Proc: 2.5 ms]
      [Ref Enq: 0.0 ms]
      [Redirty Cards: 0.1 ms]
      [Humongous Register: 0.0 ms]
      [Humongous Reclaim: 0.0 ms]
      [Free CSet: 0.0 ms]
   [Eden: 43.0M(43.0M)->0.0B(43.0M) Survivors: 7168.0K->7168.0K Heap: 76.2M(100.0M)->33.5M(100.0M)]
 [Times: user=0.02 sys=0.00, real=0.01 secs]
2020-07-10T15:55:25.368-0800: 38.663: [GC pause (G1 Evacuation Pause) (young), 0.0463240 secs]
   [Parallel Time: 38.6 ms, GC Workers: 4]
      [GC Worker Start (ms): Min: 38663.2, Avg: 38663.2, Max: 38663.3, Diff: 0.2]
      [Ext Root Scanning (ms): Min: 1.0, Avg: 6.6, Max: 20.3, Diff: 19.3, Sum: 26.5]
      [Update RS (ms): Min: 0.0, Avg: 13.6, Max: 19.7, Diff: 19.7, Sum: 54.5]
         [Processed Buffers: Min: 0, Avg: 6.8, Max: 15, Diff: 15, Sum: 27]
      [Scan RS (ms): Min: 0.0, Avg: 0.0, Max: 0.0, Diff: 0.0, Sum: 0.0]
      [Code Root Scanning (ms): Min: 0.0, Avg: 0.5, Max: 1.7, Diff: 1.7, Sum: 1.9]
      [Object Copy (ms): Min: 15.6, Avg: 16.9, Max: 18.3, Diff: 2.8, Sum: 67.7]
      [Termination (ms): Min: 0.0, Avg: 0.7, Max: 1.0, Diff: 1.0, Sum: 2.7]
         [Termination Attempts: Min: 1, Avg: 1.0, Max: 1, Diff: 0, Sum: 4]
      [GC Worker Other (ms): Min: 0.0, Avg: 0.0, Max: 0.0, Diff: 0.0, Sum: 0.0]
      [GC Worker Total (ms): Min: 38.2, Avg: 38.3, Max: 38.5, Diff: 0.3, Sum: 153.3]
      [GC Worker End (ms): Min: 38701.5, Avg: 38701.6, Max: 38701.7, Diff: 0.2]
   [Code Root Fixup: 0.0 ms]
   [Code Root Purge: 0.0 ms]
   [Clear CT: 0.0 ms]
   [Other: 7.6 ms]
      [Choose CSet: 0.0 ms]
      [Ref Proc: 7.3 ms]
      [Ref Enq: 0.0 ms]
      [Redirty Cards: 0.1 ms]
      [Humongous Register: 0.0 ms]
      [Humongous Reclaim: 0.0 ms]
      [Free CSet: 0.1 ms]
   [Eden: 43.0M(43.0M)->0.0B(43.0M) Survivors: 7168.0K->7168.0K Heap: 76.5M(100.0M)->36.2M(100.0M)]
 [Times: user=0.05 sys=0.01, real=0.05 secs]
2020-07-10T15:55:26.221-0800: 39.516: [GC pause (G1 Evacuation Pause) (young), 0.0152284 secs]
   [Parallel Time: 12.1 ms, GC Workers: 4]
      [GC Worker Start (ms): Min: 39516.0, Avg: 39516.6, Max: 39518.3, Diff: 2.3]
      [Ext Root Scanning (ms): Min: 0.0, Avg: 1.0, Max: 2.3, Diff: 2.3, Sum: 3.8]
      [Update RS (ms): Min: 4.2, Avg: 4.8, Max: 5.4, Diff: 1.2, Sum: 19.3]
         [Processed Buffers: Min: 10, Avg: 12.8, Max: 19, Diff: 9, Sum: 51]
      [Scan RS (ms): Min: 0.0, Avg: 0.0, Max: 0.0, Diff: 0.0, Sum: 0.0]
      [Code Root Scanning (ms): Min: 0.0, Avg: 0.1, Max: 0.1, Diff: 0.1, Sum: 0.3]
      [Object Copy (ms): Min: 5.3, Avg: 5.6, Max: 5.9, Diff: 0.5, Sum: 22.3]
      [Termination (ms): Min: 0.0, Avg: 0.0, Max: 0.0, Diff: 0.0, Sum: 0.0]
         [Termination Attempts: Min: 1, Avg: 1.0, Max: 1, Diff: 0, Sum: 4]
      [GC Worker Other (ms): Min: 0.0, Avg: 0.0, Max: 0.0, Diff: 0.0, Sum: 0.1]
      [GC Worker Total (ms): Min: 9.8, Avg: 11.5, Max: 12.0, Diff: 2.3, Sum: 45.8]
      [GC Worker End (ms): Min: 39528.0, Avg: 39528.0, Max: 39528.0, Diff: 0.0]
   [Code Root Fixup: 0.0 ms]
   [Code Root Purge: 0.0 ms]
   [Clear CT: 0.1 ms]
   [Other: 3.0 ms]
      [Choose CSet: 0.0 ms]
      [Ref Proc: 2.7 ms]
      [Ref Enq: 0.0 ms]
      [Redirty Cards: 0.1 ms]
      [Humongous Register: 0.0 ms]
      [Humongous Reclaim: 0.0 ms]
      [Free CSet: 0.1 ms]
   [Eden: 43.0M(43.0M)->0.0B(43.0M) Survivors: 7168.0K->7168.0K Heap: 79.2M(100.0M)->40.5M(100.0M)]
 [Times: user=0.04 sys=0.01, real=0.01 secs]
2020-07-10T15:55:26.647-0800: 39.942: [GC pause (G1 Evacuation Pause) (young), 0.0123344 secs]
   [Parallel Time: 10.9 ms, GC Workers: 4]
      [GC Worker Start (ms): Min: 39941.7, Avg: 39941.7, Max: 39941.7, Diff: 0.1]
      [Ext Root Scanning (ms): Min: 0.8, Avg: 0.9, Max: 1.2, Diff: 0.4, Sum: 3.7]
      [Update RS (ms): Min: 3.3, Avg: 3.3, Max: 3.4, Diff: 0.2, Sum: 13.4]
         [Processed Buffers: Min: 7, Avg: 9.8, Max: 13, Diff: 6, Sum: 39]
      [Scan RS (ms): Min: 0.0, Avg: 0.0, Max: 0.0, Diff: 0.0, Sum: 0.0]
      [Code Root Scanning (ms): Min: 0.0, Avg: 0.1, Max: 0.2, Diff: 0.2, Sum: 0.3]
      [Object Copy (ms): Min: 6.4, Avg: 6.5, Max: 6.6, Diff: 0.2, Sum: 25.9]
      [Termination (ms): Min: 0.0, Avg: 0.0, Max: 0.0, Diff: 0.0, Sum: 0.0]
         [Termination Attempts: Min: 1, Avg: 1.2, Max: 2, Diff: 1, Sum: 5]
      [GC Worker Other (ms): Min: 0.0, Avg: 0.0, Max: 0.0, Diff: 0.0, Sum: 0.1]
      [GC Worker Total (ms): Min: 10.8, Avg: 10.8, Max: 10.9, Diff: 0.1, Sum: 43.3]
      [GC Worker End (ms): Min: 39952.5, Avg: 39952.5, Max: 39952.6, Diff: 0.0]
   [Code Root Fixup: 0.0 ms]
   [Code Root Purge: 0.0 ms]
   [Clear CT: 0.1 ms]
   [Other: 1.3 ms]
      [Choose CSet: 0.0 ms]
      [Ref Proc: 1.0 ms]
      [Ref Enq: 0.0 ms]
      [Redirty Cards: 0.1 ms]
      [Humongous Register: 0.0 ms]
      [Humongous Reclaim: 0.0 ms]
      [Free CSet: 0.1 ms]
   [Eden: 43.0M(43.0M)->0.0B(43.0M) Survivors: 7168.0K->7168.0K Heap: 83.5M(100.0M)->44.0M(100.0M)]
 [Times: user=0.04 sys=0.00, real=0.01 secs]
2020-07-10T15:55:27.005-0800: 40.300: [GC pause (G1 Evacuation Pause) (young), 0.0141406 secs]
   [Parallel Time: 11.7 ms, GC Workers: 4]
      [GC Worker Start (ms): Min: 40300.0, Avg: 40300.0, Max: 40300.1, Diff: 0.1]
      [Ext Root Scanning (ms): Min: 1.0, Avg: 1.3, Max: 1.9, Diff: 0.9, Sum: 5.4]
      [Update RS (ms): Min: 3.1, Avg: 3.7, Max: 4.0, Diff: 0.8, Sum: 14.7]
         [Processed Buffers: Min: 8, Avg: 12.0, Max: 17, Diff: 9, Sum: 48]
      [Scan RS (ms): Min: 0.0, Avg: 0.0, Max: 0.0, Diff: 0.0, Sum: 0.0]
      [Code Root Scanning (ms): Min: 0.0, Avg: 0.3, Max: 0.7, Diff: 0.7, Sum: 1.0]
      [Object Copy (ms): Min: 5.2, Avg: 5.8, Max: 6.1, Diff: 0.9, Sum: 23.3]
      [Termination (ms): Min: 0.0, Avg: 0.5, Max: 0.7, Diff: 0.7, Sum: 1.9]
         [Termination Attempts: Min: 1, Avg: 1.0, Max: 1, Diff: 0, Sum: 4]
      [GC Worker Other (ms): Min: 0.0, Avg: 0.0, Max: 0.0, Diff: 0.0, Sum: 0.0]
      [GC Worker Total (ms): Min: 11.5, Avg: 11.6, Max: 11.7, Diff: 0.1, Sum: 46.4]
      [GC Worker End (ms): Min: 40311.6, Avg: 40311.6, Max: 40311.7, Diff: 0.1]
   [Code Root Fixup: 0.0 ms]
   [Code Root Purge: 0.0 ms]
   [Clear CT: 0.1 ms]
   [Other: 2.3 ms]
      [Choose CSet: 0.0 ms]
      [Ref Proc: 2.0 ms]
      [Ref Enq: 0.0 ms]
      [Redirty Cards: 0.1 ms]
      [Humongous Register: 0.0 ms]
      [Humongous Reclaim: 0.0 ms]
      [Free CSet: 0.1 ms]
   [Eden: 43.0M(43.0M)->0.0B(45.0M) Survivors: 7168.0K->5120.0K Heap: 87.0M(100.0M)->46.5M(100.0M)]
 [Times: user=0.04 sys=0.00, real=0.01 secs]
2020-07-10T15:55:27.172-0800: 40.467: [GC pause (G1 Evacuation Pause) (young), 0.0079630 secs]
   [Parallel Time: 6.4 ms, GC Workers: 4]
      [GC Worker Start (ms): Min: 40467.5, Avg: 40467.5, Max: 40467.6, Diff: 0.1]
      [Ext Root Scanning (ms): Min: 0.5, Avg: 0.7, Max: 1.1, Diff: 0.6, Sum: 2.7]
      [Update RS (ms): Min: 3.2, Avg: 3.5, Max: 3.8, Diff: 0.6, Sum: 14.1]
         [Processed Buffers: Min: 9, Avg: 10.5, Max: 12, Diff: 3, Sum: 42]
      [Scan RS (ms): Min: 0.0, Avg: 0.0, Max: 0.0, Diff: 0.0, Sum: 0.0]
      [Code Root Scanning (ms): Min: 0.0, Avg: 0.1, Max: 0.2, Diff: 0.2, Sum: 0.3]
      [Object Copy (ms): Min: 2.0, Avg: 2.1, Max: 2.2, Diff: 0.2, Sum: 8.2]
      [Termination (ms): Min: 0.0, Avg: 0.0, Max: 0.0, Diff: 0.0, Sum: 0.0]
         [Termination Attempts: Min: 1, Avg: 1.0, Max: 1, Diff: 0, Sum: 4]
      [GC Worker Other (ms): Min: 0.0, Avg: 0.0, Max: 0.0, Diff: 0.0, Sum: 0.0]
      [GC Worker Total (ms): Min: 6.3, Avg: 6.4, Max: 6.4, Diff: 0.1, Sum: 25.5]
      [GC Worker End (ms): Min: 40473.9, Avg: 40473.9, Max: 40473.9, Diff: 0.0]
   [Code Root Fixup: 0.0 ms]
   [Code Root Purge: 0.0 ms]
   [Clear CT: 0.1 ms]
   [Other: 1.3 ms]
      [Choose CSet: 0.0 ms]
      [Ref Proc: 1.1 ms]
      [Ref Enq: 0.0 ms]
      [Redirty Cards: 0.1 ms]
      [Humongous Register: 0.0 ms]
      [Humongous Reclaim: 0.0 ms]
      [Free CSet: 0.0 ms]
   [Eden: 45.0M(45.0M)->0.0B(45.0M) Survivors: 5120.0K->5120.0K Heap: 91.5M(100.0M)->46.0M(100.0M)]
 [Times: user=0.03 sys=0.00, real=0.01 secs]
2020-07-10T15:55:27.343-0800: 40.638: [GC pause (G1 Evacuation Pause) (young), 0.0060428 secs]
   [Parallel Time: 4.8 ms, GC Workers: 4]
      [GC Worker Start (ms): Min: 40637.6, Avg: 40637.6, Max: 40637.6, Diff: 0.1]
      [Ext Root Scanning (ms): Min: 0.5, Avg: 0.7, Max: 1.1, Diff: 0.6, Sum: 2.7]
      [Update RS (ms): Min: 1.3, Avg: 1.5, Max: 1.7, Diff: 0.4, Sum: 6.1]
         [Processed Buffers: Min: 3, Avg: 4.8, Max: 7, Diff: 4, Sum: 19]
      [Scan RS (ms): Min: 0.0, Avg: 0.0, Max: 0.0, Diff: 0.0, Sum: 0.0]
      [Code Root Scanning (ms): Min: 0.0, Avg: 0.1, Max: 0.2, Diff: 0.2, Sum: 0.3]
      [Object Copy (ms): Min: 2.4, Avg: 2.5, Max: 2.5, Diff: 0.2, Sum: 9.9]
      [Termination (ms): Min: 0.0, Avg: 0.0, Max: 0.0, Diff: 0.0, Sum: 0.0]
         [Termination Attempts: Min: 1, Avg: 1.0, Max: 1, Diff: 0, Sum: 4]
      [GC Worker Other (ms): Min: 0.0, Avg: 0.0, Max: 0.0, Diff: 0.0, Sum: 0.0]
      [GC Worker Total (ms): Min: 4.7, Avg: 4.8, Max: 4.8, Diff: 0.1, Sum: 19.1]
      [GC Worker End (ms): Min: 40642.4, Avg: 40642.4, Max: 40642.4, Diff: 0.0]
   [Code Root Fixup: 0.0 ms]
   [Code Root Purge: 0.0 ms]
   [Clear CT: 0.1 ms]
   [Other: 1.1 ms]
      [Choose CSet: 0.0 ms]
      [Ref Proc: 0.9 ms]
      [Ref Enq: 0.0 ms]
      [Redirty Cards: 0.1 ms]
      [Humongous Register: 0.0 ms]
      [Humongous Reclaim: 0.0 ms]
      [Free CSet: 0.0 ms]
   [Eden: 45.0M(45.0M)->0.0B(45.0M) Survivors: 5120.0K->5120.0K Heap: 91.0M(100.0M)->46.5M(100.0M)]
 [Times: user=0.02 sys=0.00, real=0.00 secs]
2020-07-10T15:55:27.464-0800: 40.759: [GC pause (G1 Evacuation Pause) (young), 0.0101634 secs]
   [Parallel Time: 8.4 ms, GC Workers: 4]
      [GC Worker Start (ms): Min: 40759.0, Avg: 40759.8, Max: 40762.0, Diff: 2.9]
      [Ext Root Scanning (ms): Min: 0.0, Avg: 0.6, Max: 1.2, Diff: 1.2, Sum: 2.6]
      [Update RS (ms): Min: 0.0, Avg: 1.4, Max: 1.9, Diff: 1.9, Sum: 5.5]
         [Processed Buffers: Min: 0, Avg: 4.8, Max: 9, Diff: 9, Sum: 19]
      [Scan RS (ms): Min: 0.0, Avg: 0.0, Max: 0.0, Diff: 0.0, Sum: 0.0]
      [Code Root Scanning (ms): Min: 0.0, Avg: 0.2, Max: 0.6, Diff: 0.6, Sum: 0.8]
      [Object Copy (ms): Min: 4.4, Avg: 4.8, Max: 5.2, Diff: 0.8, Sum: 19.1]
      [Termination (ms): Min: 0.0, Avg: 0.5, Max: 0.8, Diff: 0.8, Sum: 2.0]
         [Termination Attempts: Min: 1, Avg: 5.2, Max: 11, Diff: 10, Sum: 21]
      [GC Worker Other (ms): Min: 0.0, Avg: 0.0, Max: 0.0, Diff: 0.0, Sum: 0.0]
      [GC Worker Total (ms): Min: 5.2, Avg: 7.5, Max: 8.3, Diff: 3.1, Sum: 30.0]
      [GC Worker End (ms): Min: 40767.2, Avg: 40767.3, Max: 40767.4, Diff: 0.2]
   [Code Root Fixup: 0.0 ms]
   [Code Root Purge: 0.0 ms]
   [Clear CT: 0.1 ms]
   [Other: 1.7 ms]
      [Choose CSet: 0.0 ms]
      [Ref Proc: 1.5 ms]
      [Ref Enq: 0.0 ms]
      [Redirty Cards: 0.1 ms]
      [Humongous Register: 0.0 ms]
      [Humongous Reclaim: 0.0 ms]
      [Free CSet: 0.0 ms]
   [Eden: 45.0M(45.0M)->0.0B(46.0M) Survivors: 5120.0K->4096.0K Heap: 91.5M(100.0M)->47.2M(100.0M)]
 [Times: user=0.02 sys=0.00, real=0.01 secs]
2020-07-10T15:55:27.606-0800: 40.901: [GC pause (G1 Evacuation Pause) (young), 0.0069504 secs]
   [Parallel Time: 5.2 ms, GC Workers: 4]
      [GC Worker Start (ms): Min: 40900.6, Avg: 40900.7, Max: 40900.7, Diff: 0.1]
      [Ext Root Scanning (ms): Min: 0.5, Avg: 0.7, Max: 1.2, Diff: 0.7, Sum: 2.7]
      [Update RS (ms): Min: 2.2, Avg: 2.6, Max: 2.9, Diff: 0.7, Sum: 10.3]
         [Processed Buffers: Min: 5, Avg: 7.8, Max: 11, Diff: 6, Sum: 31]
      [Scan RS (ms): Min: 0.0, Avg: 0.0, Max: 0.0, Diff: 0.0, Sum: 0.0]
      [Code Root Scanning (ms): Min: 0.0, Avg: 0.1, Max: 0.2, Diff: 0.2, Sum: 0.3]
      [Object Copy (ms): Min: 1.7, Avg: 1.7, Max: 1.8, Diff: 0.0, Sum: 7.0]
      [Termination (ms): Min: 0.0, Avg: 0.0, Max: 0.0, Diff: 0.0, Sum: 0.0]
         [Termination Attempts: Min: 1, Avg: 1.0, Max: 1, Diff: 0, Sum: 4]
      [GC Worker Other (ms): Min: 0.0, Avg: 0.0, Max: 0.0, Diff: 0.0, Sum: 0.0]
      [GC Worker Total (ms): Min: 5.1, Avg: 5.1, Max: 5.1, Diff: 0.1, Sum: 20.3]
      [GC Worker End (ms): Min: 40905.8, Avg: 40905.8, Max: 40905.8, Diff: 0.0]
   [Code Root Fixup: 0.0 ms]
   [Code Root Purge: 0.0 ms]
   [Clear CT: 0.0 ms]
   [Other: 1.7 ms]
      [Choose CSet: 0.0 ms]
      [Ref Proc: 1.5 ms]
      [Ref Enq: 0.0 ms]
      [Redirty Cards: 0.1 ms]
      [Humongous Register: 0.0 ms]
      [Humongous Reclaim: 0.0 ms]
      [Free CSet: 0.0 ms]
   [Eden: 46.0M(46.0M)->0.0B(45.0M) Survivors: 4096.0K->5120.0K Heap: 93.2M(100.0M)->47.7M(100.0M)]
 [Times: user=0.02 sys=0.00, real=0.01 secs]
2020-07-10T15:55:27.823-0800: 41.118: [GC pause (G1 Evacuation Pause) (young), 0.0068776 secs]
   [Parallel Time: 5.2 ms, GC Workers: 4]
      [GC Worker Start (ms): Min: 41118.0, Avg: 41118.0, Max: 41118.0, Diff: 0.0]
      [Ext Root Scanning (ms): Min: 0.5, Avg: 0.7, Max: 1.1, Diff: 0.6, Sum: 2.8]
      [Update RS (ms): Min: 1.1, Avg: 1.2, Max: 1.3, Diff: 0.1, Sum: 4.8]
         [Processed Buffers: Min: 3, Avg: 4.8, Max: 9, Diff: 6, Sum: 19]
      [Scan RS (ms): Min: 0.0, Avg: 0.0, Max: 0.0, Diff: 0.0, Sum: 0.0]
      [Code Root Scanning (ms): Min: 0.0, Avg: 0.2, Max: 0.4, Diff: 0.4, Sum: 0.6]
      [Object Copy (ms): Min: 2.9, Avg: 3.1, Max: 3.3, Diff: 0.4, Sum: 12.3]
      [Termination (ms): Min: 0.0, Avg: 0.0, Max: 0.0, Diff: 0.0, Sum: 0.0]
         [Termination Attempts: Min: 1, Avg: 1.2, Max: 2, Diff: 1, Sum: 5]
      [GC Worker Other (ms): Min: 0.0, Avg: 0.0, Max: 0.0, Diff: 0.0, Sum: 0.0]
      [GC Worker Total (ms): Min: 5.1, Avg: 5.1, Max: 5.2, Diff: 0.0, Sum: 20.6]
      [GC Worker End (ms): Min: 41123.2, Avg: 41123.2, Max: 41123.2, Diff: 0.0]
   [Code Root Fixup: 0.0 ms]
   [Code Root Purge: 0.0 ms]
   [Clear CT: 0.1 ms]
   [Other: 1.6 ms]
      [Choose CSet: 0.0 ms]
      [Ref Proc: 1.4 ms]
      [Ref Enq: 0.0 ms]
      [Redirty Cards: 0.0 ms]
      [Humongous Register: 0.0 ms]
      [Humongous Reclaim: 0.0 ms]
      [Free CSet: 0.0 ms]
   [Eden: 45.0M(45.0M)->0.0B(44.0M) Survivors: 5120.0K->6144.0K Heap: 92.7M(100.0M)->48.7M(100.0M)]
 [Times: user=0.02 sys=0.00, real=0.01 secs]
2020-07-10T15:55:28.065-0800: 41.360: [GC pause (G1 Evacuation Pause) (young) (to-space exhausted), 0.0296739 secs]
   [Parallel Time: 15.2 ms, GC Workers: 4]
      [GC Worker Start (ms): Min: 41360.3, Avg: 41361.2, Max: 41363.7, Diff: 3.4]
      [Ext Root Scanning (ms): Min: 0.0, Avg: 0.8, Max: 1.5, Diff: 1.5, Sum: 3.0]
      [Update RS (ms): Min: 0.0, Avg: 1.7, Max: 2.3, Diff: 2.3, Sum: 6.7]
         [Processed Buffers: Min: 0, Avg: 7.0, Max: 15, Diff: 15, Sum: 28]
      [Scan RS (ms): Min: 0.0, Avg: 0.0, Max: 0.0, Diff: 0.0, Sum: 0.0]
      [Code Root Scanning (ms): Min: 0.0, Avg: 0.2, Max: 0.5, Diff: 0.5, Sum: 0.8]
      [Object Copy (ms): Min: 11.5, Avg: 11.6, Max: 11.7, Diff: 0.2, Sum: 46.4]
      [Termination (ms): Min: 0.0, Avg: 0.0, Max: 0.0, Diff: 0.0, Sum: 0.1]
         [Termination Attempts: Min: 1, Avg: 1.0, Max: 1, Diff: 0, Sum: 4]
      [GC Worker Other (ms): Min: 0.0, Avg: 0.0, Max: 0.0, Diff: 0.0, Sum: 0.0]
      [GC Worker Total (ms): Min: 11.7, Avg: 14.3, Max: 15.1, Diff: 3.4, Sum: 57.1]
      [GC Worker End (ms): Min: 41375.4, Avg: 41375.4, Max: 41375.4, Diff: 0.0]
   [Code Root Fixup: 0.0 ms]
   [Code Root Purge: 0.0 ms]
   [Clear CT: 0.1 ms]
   [Other: 14.4 ms]
      [Evacuation Failure: 13.3 ms]
      [Choose CSet: 0.0 ms]
      [Ref Proc: 0.9 ms]
      [Ref Enq: 0.0 ms]
      [Redirty Cards: 0.1 ms]
      [Humongous Register: 0.0 ms]
      [Humongous Reclaim: 0.0 ms]
      [Free CSet: 0.0 ms]
   [Eden: 44.0M(44.0M)->0.0B(45.0M) Survivors: 6144.0K->5120.0K Heap: 92.7M(100.0M)->90.5M(100.0M)]
 [Times: user=0.08 sys=0.00, real=0.03 secs]
2020-07-10T15:55:28.161-0800: 41.456: [GC pause (G1 Evacuation Pause) (young) (initial-mark) (to-space exhausted), 0.0645120 secs]
   [Parallel Time: 55.9 ms, GC Workers: 4]
      [GC Worker Start (ms): Min: 41456.4, Avg: 41456.5, Max: 41456.5, Diff: 0.1]
      [Ext Root Scanning (ms): Min: 2.5, Avg: 5.9, Max: 15.1, Diff: 12.6, Sum: 23.6]
      [Update RS (ms): Min: 1.7, Avg: 3.6, Max: 5.7, Diff: 4.0, Sum: 14.6]
         [Processed Buffers: Min: 9, Avg: 13.2, Max: 18, Diff: 9, Sum: 53]
      [Scan RS (ms): Min: 0.0, Avg: 0.0, Max: 0.0, Diff: 0.0, Sum: 0.0]
      [Code Root Scanning (ms): Min: 0.0, Avg: 0.1, Max: 0.1, Diff: 0.1, Sum: 0.2]
      [Object Copy (ms): Min: 36.8, Avg: 46.0, Max: 50.9, Diff: 14.0, Sum: 184.0]
      [Termination (ms): Min: 0.0, Avg: 0.0, Max: 0.0, Diff: 0.0, Sum: 0.0]
         [Termination Attempts: Min: 1, Avg: 2.8, Max: 5, Diff: 4, Sum: 11]
      [GC Worker Other (ms): Min: 0.0, Avg: 0.0, Max: 0.0, Diff: 0.0, Sum: 0.0]
      [GC Worker Total (ms): Min: 55.6, Avg: 55.6, Max: 55.6, Diff: 0.1, Sum: 222.4]
      [GC Worker End (ms): Min: 41512.1, Avg: 41512.1, Max: 41512.1, Diff: 0.0]
   [Code Root Fixup: 0.0 ms]
   [Code Root Purge: 0.0 ms]
   [Clear CT: 0.0 ms]
   [Other: 8.5 ms]
      [Evacuation Failure: 7.6 ms]
      [Choose CSet: 0.0 ms]
      [Ref Proc: 0.8 ms]
      [Ref Enq: 0.0 ms]
      [Redirty Cards: 0.1 ms]
      [Humongous Register: 0.0 ms]
      [Humongous Reclaim: 0.0 ms]
      [Free CSet: 0.0 ms]
   [Eden: 9216.0K(45.0M)->0.0B(50.0M) Survivors: 5120.0K->0.0B Heap: 99.5M(100.0M)->99.5M(100.0M)]
 [Times: user=0.09 sys=0.01, real=0.06 secs]
2020-07-10T15:55:28.226-0800: 41.521: [GC concurrent-root-region-scan-start]
2020-07-10T15:55:28.226-0800: 41.521: [GC concurrent-root-region-scan-end, 0.0000995 secs]
2020-07-10T15:55:28.226-0800: 41.521: [GC concurrent-mark-start]
2020-07-10T15:55:28.227-0800: 41.522: [GC pause (G1 Evacuation Pause) (young), 0.0071790 secs]
   [Parallel Time: 6.2 ms, GC Workers: 4]
      [GC Worker Start (ms): Min: 41522.0, Avg: 41522.0, Max: 41522.1, Diff: 0.1]
      [Ext Root Scanning (ms): Min: 0.7, Avg: 0.9, Max: 1.1, Diff: 0.5, Sum: 3.5]
      [Update RS (ms): Min: 4.7, Avg: 4.9, Max: 5.1, Diff: 0.4, Sum: 19.6]
         [Processed Buffers: Min: 17, Avg: 20.5, Max: 24, Diff: 7, Sum: 82]
      [Scan RS (ms): Min: 0.0, Avg: 0.0, Max: 0.0, Diff: 0.0, Sum: 0.0]
      [Code Root Scanning (ms): Min: 0.0, Avg: 0.0, Max: 0.0, Diff: 0.0, Sum: 0.0]
      [Object Copy (ms): Min: 0.0, Avg: 0.0, Max: 0.1, Diff: 0.1, Sum: 0.2]
      [Termination (ms): Min: 0.0, Avg: 0.2, Max: 0.4, Diff: 0.4, Sum: 0.6]
         [Termination Attempts: Min: 1, Avg: 1.0, Max: 1, Diff: 0, Sum: 4]
      [GC Worker Other (ms): Min: 0.0, Avg: 0.0, Max: 0.0, Diff: 0.0, Sum: 0.0]
      [GC Worker Total (ms): Min: 5.9, Avg: 6.0, Max: 6.1, Diff: 0.2, Sum: 23.9]
      [GC Worker End (ms): Min: 41528.0, Avg: 41528.0, Max: 41528.1, Diff: 0.2]
   [Code Root Fixup: 0.0 ms]
   [Code Root Purge: 0.0 ms]
   [Clear CT: 0.1 ms]
   [Other: 1.0 ms]
      [Choose CSet: 0.0 ms]
      [Ref Proc: 0.8 ms]
      [Ref Enq: 0.0 ms]
      [Redirty Cards: 0.0 ms]
      [Humongous Register: 0.0 ms]
      [Humongous Reclaim: 0.0 ms]
      [Free CSet: 0.0 ms]
   [Eden: 0.0B(50.0M)->0.0B(50.0M) Survivors: 0.0B->0.0B Heap: 99.5M(100.0M)->99.5M(100.0M)]
 [Times: user=0.03 sys=0.00, real=0.01 secs]
2020-07-10T15:55:28.234-0800: 41.529: [GC pause (G1 Evacuation Pause) (young), 0.0018656 secs]
   [Parallel Time: 1.0 ms, GC Workers: 4]
      [GC Worker Start (ms): Min: 41529.5, Avg: 41529.5, Max: 41529.5, Diff: 0.0]
      [Ext Root Scanning (ms): Min: 0.5, Avg: 0.6, Max: 0.9, Diff: 0.4, Sum: 2.4]
      [Update RS (ms): Min: 0.0, Avg: 0.0, Max: 0.0, Diff: 0.0, Sum: 0.0]
         [Processed Buffers: Min: 0, Avg: 0.2, Max: 1, Diff: 1, Sum: 1]
      [Scan RS (ms): Min: 0.0, Avg: 0.0, Max: 0.0, Diff: 0.0, Sum: 0.0]
      [Code Root Scanning (ms): Min: 0.0, Avg: 0.0, Max: 0.0, Diff: 0.0, Sum: 0.0]
      [Object Copy (ms): Min: 0.0, Avg: 0.0, Max: 0.1, Diff: 0.1, Sum: 0.2]
      [Termination (ms): Min: 0.0, Avg: 0.3, Max: 0.4, Diff: 0.4, Sum: 1.1]
         [Termination Attempts: Min: 1, Avg: 1.0, Max: 1, Diff: 0, Sum: 4]
      [GC Worker Other (ms): Min: 0.0, Avg: 0.0, Max: 0.0, Diff: 0.0, Sum: 0.0]
      [GC Worker Total (ms): Min: 0.9, Avg: 0.9, Max: 0.9, Diff: 0.0, Sum: 3.7]
      [GC Worker End (ms): Min: 41530.4, Avg: 41530.4, Max: 41530.4, Diff: 0.0]
   [Code Root Fixup: 0.0 ms]
   [Code Root Purge: 0.0 ms]
   [Clear CT: 0.0 ms]
   [Other: 0.8 ms]
      [Choose CSet: 0.0 ms]
      [Ref Proc: 0.7 ms]
      [Ref Enq: 0.0 ms]
      [Redirty Cards: 0.0 ms]
      [Humongous Register: 0.0 ms]
      [Humongous Reclaim: 0.0 ms]
      [Free CSet: 0.0 ms]
   [Eden: 0.0B(50.0M)->0.0B(50.0M) Survivors: 0.0B->0.0B Heap: 99.5M(100.0M)->99.5M(100.0M)]
 [Times: user=0.00 sys=0.00, real=0.00 secs]
2020-07-10T15:55:28.237-0800: 41.532: [Full GC (Allocation Failure)  99M->39M(100M), 0.1799343 secs]
   [Eden: 0.0B(50.0M)->0.0B(50.0M) Survivors: 0.0B->0.0B Heap: 99.5M(100.0M)->39.1M(100.0M)], [Metaspace: 62664K->62421K(1105920K)]
 [Times: user=0.19 sys=0.04, real=0.18 secs]
2020-07-10T15:55:28.417-0800: 41.712: [GC concurrent-mark-abort]
2020-07-10T15:55:28.765-0800: 42.060: [GC pause (G1 Evacuation Pause) (young), 0.0066603 secs]
   [Parallel Time: 5.0 ms, GC Workers: 4]
      [GC Worker Start (ms): Min: 42059.9, Avg: 42059.9, Max: 42060.0, Diff: 0.1]
      [Ext Root Scanning (ms): Min: 0.5, Avg: 0.7, Max: 1.1, Diff: 0.6, Sum: 2.8]
      [Update RS (ms): Min: 1.6, Avg: 2.0, Max: 2.1, Diff: 0.5, Sum: 7.9]
         [Processed Buffers: Min: 4, Avg: 7.2, Max: 10, Diff: 6, Sum: 29]
      [Scan RS (ms): Min: 0.0, Avg: 0.0, Max: 0.0, Diff: 0.0, Sum: 0.0]
      [Code Root Scanning (ms): Min: 0.0, Avg: 0.0, Max: 0.0, Diff: 0.0, Sum: 0.0]
      [Object Copy (ms): Min: 2.2, Avg: 2.3, Max: 2.4, Diff: 0.1, Sum: 9.2]
      [Termination (ms): Min: 0.0, Avg: 0.0, Max: 0.0, Diff: 0.0, Sum: 0.0]
         [Termination Attempts: Min: 1, Avg: 1.0, Max: 1, Diff: 0, Sum: 4]
      [GC Worker Other (ms): Min: 0.0, Avg: 0.0, Max: 0.0, Diff: 0.0, Sum: 0.0]
      [GC Worker Total (ms): Min: 4.9, Avg: 5.0, Max: 5.0, Diff: 0.1, Sum: 19.9]
      [GC Worker End (ms): Min: 42064.9, Avg: 42064.9, Max: 42064.9, Diff: 0.0]
   [Code Root Fixup: 0.0 ms]
   [Code Root Purge: 0.2 ms]
   [Clear CT: 0.1 ms]
   [Other: 1.4 ms]
      [Choose CSet: 0.0 ms]
      [Ref Proc: 1.2 ms]
      [Ref Enq: 0.0 ms]
      [Redirty Cards: 0.1 ms]
      [Humongous Register: 0.0 ms]
      [Humongous Reclaim: 0.0 ms]
      [Free CSet: 0.0 ms]
   [Eden: 50.0M(50.0M)->0.0B(46.0M) Survivors: 0.0B->4096.0K Heap: 89.1M(100.0M)->43.0M(100.0M)]
 [Times: user=0.03 sys=0.00, real=0.01 secs]
2020-07-10T15:55:29.090-0800: 42.385: [GC pause (G1 Evacuation Pause) (young), 0.0120384 secs]
   [Parallel Time: 8.9 ms, GC Workers: 4]
      [GC Worker Start (ms): Min: 42385.3, Avg: 42385.4, Max: 42385.4, Diff: 0.1]
      [Ext Root Scanning (ms): Min: 0.5, Avg: 0.7, Max: 1.2, Diff: 0.7, Sum: 2.9]
      [Update RS (ms): Min: 2.3, Avg: 2.5, Max: 2.5, Diff: 0.2, Sum: 9.8]
         [Processed Buffers: Min: 6, Avg: 9.0, Max: 15, Diff: 9, Sum: 36]
      [Scan RS (ms): Min: 0.0, Avg: 0.0, Max: 0.0, Diff: 0.0, Sum: 0.0]
      [Code Root Scanning (ms): Min: 0.0, Avg: 0.0, Max: 0.0, Diff: 0.0, Sum: 0.1]
      [Object Copy (ms): Min: 4.5, Avg: 4.9, Max: 5.4, Diff: 0.9, Sum: 19.6]
      [Termination (ms): Min: 0.0, Avg: 0.6, Max: 0.8, Diff: 0.8, Sum: 2.4]
         [Termination Attempts: Min: 1, Avg: 3.8, Max: 6, Diff: 5, Sum: 15]
      [GC Worker Other (ms): Min: 0.0, Avg: 0.0, Max: 0.0, Diff: 0.0, Sum: 0.0]
      [GC Worker Total (ms): Min: 8.6, Avg: 8.7, Max: 8.8, Diff: 0.3, Sum: 34.9]
      [GC Worker End (ms): Min: 42393.9, Avg: 42394.1, Max: 42394.2, Diff: 0.2]
   [Code Root Fixup: 0.0 ms]
   [Code Root Purge: 0.0 ms]
   [Clear CT: 0.1 ms]
   [Other: 3.1 ms]
      [Choose CSet: 0.0 ms]
      [Ref Proc: 2.8 ms]
      [Ref Enq: 0.0 ms]
      [Redirty Cards: 0.1 ms]
      [Humongous Register: 0.0 ms]
      [Humongous Reclaim: 0.0 ms]
      [Free CSet: 0.0 ms]
   [Eden: 46.0M(46.0M)->0.0B(43.0M) Survivors: 4096.0K->7168.0K Heap: 89.0M(100.0M)->46.7M(100.0M)]
 [Times: user=0.04 sys=0.01, real=0.01 secs]
2020-07-10T15:55:29.378-0800: 42.673: [GC pause (G1 Evacuation Pause) (young) (to-space exhausted), 0.0151389 secs]
   [Parallel Time: 9.6 ms, GC Workers: 4]
      [GC Worker Start (ms): Min: 42672.6, Avg: 42672.6, Max: 42672.7, Diff: 0.1]
      [Ext Root Scanning (ms): Min: 0.5, Avg: 0.7, Max: 1.2, Diff: 0.7, Sum: 2.7]
      [Update RS (ms): Min: 2.2, Avg: 2.7, Max: 3.0, Diff: 0.8, Sum: 11.0]
         [Processed Buffers: Min: 7, Avg: 9.0, Max: 11, Diff: 4, Sum: 36]
      [Scan RS (ms): Min: 0.0, Avg: 0.0, Max: 0.0, Diff: 0.0, Sum: 0.0]
      [Code Root Scanning (ms): Min: 0.0, Avg: 0.0, Max: 0.1, Diff: 0.1, Sum: 0.1]
      [Object Copy (ms): Min: 6.0, Avg: 6.1, Max: 6.2, Diff: 0.2, Sum: 24.3]
      [Termination (ms): Min: 0.0, Avg: 0.0, Max: 0.0, Diff: 0.0, Sum: 0.0]
         [Termination Attempts: Min: 1, Avg: 1.0, Max: 1, Diff: 0, Sum: 4]
      [GC Worker Other (ms): Min: 0.0, Avg: 0.0, Max: 0.0, Diff: 0.0, Sum: 0.1]
      [GC Worker Total (ms): Min: 9.5, Avg: 9.5, Max: 9.6, Diff: 0.1, Sum: 38.2]
      [GC Worker End (ms): Min: 42682.2, Avg: 42682.2, Max: 42682.2, Diff: 0.0]
   [Code Root Fixup: 0.0 ms]
   [Code Root Purge: 0.0 ms]
   [Clear CT: 0.1 ms]
   [Other: 5.4 ms]
      [Evacuation Failure: 3.2 ms]
      [Choose CSet: 0.0 ms]
      [Ref Proc: 2.0 ms]
      [Ref Enq: 0.0 ms]
      [Redirty Cards: 0.1 ms]
      [Humongous Register: 0.0 ms]
      [Humongous Reclaim: 0.0 ms]
      [Free CSet: 0.0 ms]
   [Eden: 43.0M(43.0M)->0.0B(44.0M) Survivors: 7168.0K->6144.0K Heap: 89.7M(100.0M)->66.1M(100.0M)]
 [Times: user=0.05 sys=0.00, real=0.02 secs]
2020-07-10T15:55:29.669-0800: 42.964: [GC pause (G1 Evacuation Pause) (young) (initial-mark) (to-space exhausted), 0.0845127 secs]
   [Parallel Time: 70.8 ms, GC Workers: 4]
      [GC Worker Start (ms): Min: 42963.7, Avg: 42963.7, Max: 42963.8, Diff: 0.1]
      [Ext Root Scanning (ms): Min: 2.1, Avg: 6.4, Max: 19.0, Diff: 17.0, Sum: 25.7]
      [Update RS (ms): Min: 0.8, Avg: 2.0, Max: 4.7, Diff: 3.9, Sum: 8.2]
         [Processed Buffers: Min: 8, Avg: 15.5, Max: 28, Diff: 20, Sum: 62]
      [Scan RS (ms): Min: 0.4, Avg: 1.0, Max: 1.2, Diff: 0.8, Sum: 3.9]
      [Code Root Scanning (ms): Min: 0.0, Avg: 0.0, Max: 0.1, Diff: 0.1, Sum: 0.1]
      [Object Copy (ms): Min: 48.8, Avg: 60.7, Max: 66.3, Diff: 17.5, Sum: 242.6]
      [Termination (ms): Min: 0.0, Avg: 0.5, Max: 0.6, Diff: 0.6, Sum: 1.9]
         [Termination Attempts: Min: 1, Avg: 1.8, Max: 2, Diff: 1, Sum: 7]
      [GC Worker Other (ms): Min: 0.0, Avg: 0.0, Max: 0.0, Diff: 0.0, Sum: 0.1]
      [GC Worker Total (ms): Min: 70.6, Avg: 70.6, Max: 70.7, Diff: 0.1, Sum: 282.5]
      [GC Worker End (ms): Min: 43034.4, Avg: 43034.4, Max: 43034.4, Diff: 0.0]
   [Code Root Fixup: 0.0 ms]
   [Code Root Purge: 0.0 ms]
   [Clear CT: 0.0 ms]
   [Other: 13.7 ms]
      [Evacuation Failure: 12.6 ms]
      [Choose CSet: 0.0 ms]
      [Ref Proc: 0.8 ms]
      [Ref Enq: 0.0 ms]
      [Redirty Cards: 0.1 ms]
      [Humongous Register: 0.0 ms]
      [Humongous Reclaim: 0.0 ms]
      [Free CSet: 0.1 ms]
   [Eden: 33.0M(44.0M)->0.0B(50.0M) Survivors: 6144.0K->0.0B Heap: 99.1M(100.0M)->99.1M(100.0M)]
 [Times: user=0.14 sys=0.02, real=0.09 secs]
2020-07-10T15:55:29.753-0800: 43.048: [GC concurrent-root-region-scan-start]
2020-07-10T15:55:29.753-0800: 43.048: [GC concurrent-root-region-scan-end, 0.0001174 secs]
2020-07-10T15:55:29.753-0800: 43.048: [GC concurrent-mark-start]
2020-07-10T15:55:29.758-0800: 43.053: [GC pause (G1 Evacuation Pause) (young), 0.0071495 secs]
   [Parallel Time: 5.5 ms, GC Workers: 4]
      [GC Worker Start (ms): Min: 43053.1, Avg: 43053.1, Max: 43053.2, Diff: 0.1]
      [Ext Root Scanning (ms): Min: 0.5, Avg: 0.7, Max: 1.1, Diff: 0.6, Sum: 2.7]
      [Update RS (ms): Min: 4.3, Avg: 4.5, Max: 4.7, Diff: 0.4, Sum: 18.1]
         [Processed Buffers: Min: 16, Avg: 17.8, Max: 21, Diff: 5, Sum: 71]
      [Scan RS (ms): Min: 0.0, Avg: 0.0, Max: 0.0, Diff: 0.0, Sum: 0.0]
      [Code Root Scanning (ms): Min: 0.0, Avg: 0.0, Max: 0.0, Diff: 0.0, Sum: 0.0]
      [Object Copy (ms): Min: 0.0, Avg: 0.0, Max: 0.1, Diff: 0.1, Sum: 0.2]
      [Termination (ms): Min: 0.0, Avg: 0.1, Max: 0.2, Diff: 0.2, Sum: 0.5]
         [Termination Attempts: Min: 1, Avg: 1.0, Max: 1, Diff: 0, Sum: 4]
      [GC Worker Other (ms): Min: 0.0, Avg: 0.0, Max: 0.0, Diff: 0.0, Sum: 0.1]
      [GC Worker Total (ms): Min: 5.4, Avg: 5.4, Max: 5.4, Diff: 0.1, Sum: 21.5]
      [GC Worker End (ms): Min: 43058.5, Avg: 43058.5, Max: 43058.5, Diff: 0.1]
   [Code Root Fixup: 0.0 ms]
   [Code Root Purge: 0.0 ms]
   [Clear CT: 0.1 ms]
   [Other: 1.5 ms]
      [Choose CSet: 0.0 ms]
      [Ref Proc: 1.3 ms]
      [Ref Enq: 0.0 ms]
      [Redirty Cards: 0.1 ms]
      [Humongous Register: 0.0 ms]
      [Humongous Reclaim: 0.0 ms]
      [Free CSet: 0.0 ms]
   [Eden: 0.0B(50.0M)->0.0B(50.0M) Survivors: 0.0B->0.0B Heap: 99.1M(100.0M)->99.1M(100.0M)]
 [Times: user=0.03 sys=0.00, real=0.01 secs]
2020-07-10T15:55:29.765-0800: 43.060: [GC pause (G1 Evacuation Pause) (young), 0.0023122 secs]
   [Parallel Time: 1.2 ms, GC Workers: 4]
      [GC Worker Start (ms): Min: 43060.5, Avg: 43060.5, Max: 43060.6, Diff: 0.1]
      [Ext Root Scanning (ms): Min: 0.5, Avg: 0.6, Max: 1.0, Diff: 0.5, Sum: 2.5]
      [Update RS (ms): Min: 0.0, Avg: 0.0, Max: 0.0, Diff: 0.0, Sum: 0.0]
         [Processed Buffers: Min: 0, Avg: 0.2, Max: 1, Diff: 1, Sum: 1]
      [Scan RS (ms): Min: 0.0, Avg: 0.0, Max: 0.0, Diff: 0.0, Sum: 0.0]
      [Code Root Scanning (ms): Min: 0.0, Avg: 0.0, Max: 0.0, Diff: 0.0, Sum: 0.0]
      [Object Copy (ms): Min: 0.0, Avg: 0.0, Max: 0.1, Diff: 0.1, Sum: 0.2]
      [Termination (ms): Min: 0.0, Avg: 0.4, Max: 0.6, Diff: 0.6, Sum: 1.7]
         [Termination Attempts: Min: 1, Avg: 1.0, Max: 1, Diff: 0, Sum: 4]
      [GC Worker Other (ms): Min: 0.0, Avg: 0.0, Max: 0.0, Diff: 0.0, Sum: 0.0]
      [GC Worker Total (ms): Min: 1.0, Avg: 1.1, Max: 1.1, Diff: 0.1, Sum: 4.3]
      [GC Worker End (ms): Min: 43061.5, Avg: 43061.6, Max: 43061.7, Diff: 0.2]
   [Code Root Fixup: 0.0 ms]
   [Code Root Purge: 0.0 ms]
   [Clear CT: 0.1 ms]
   [Other: 1.0 ms]
      [Choose CSet: 0.0 ms]
      [Ref Proc: 0.8 ms]
      [Ref Enq: 0.0 ms]
      [Redirty Cards: 0.1 ms]
      [Humongous Register: 0.0 ms]
      [Humongous Reclaim: 0.0 ms]
      [Free CSet: 0.0 ms]
   [Eden: 0.0B(50.0M)->0.0B(50.0M) Survivors: 0.0B->0.0B Heap: 99.1M(100.0M)->99.1M(100.0M)]
 [Times: user=0.00 sys=0.00, real=0.00 secs]
2020-07-10T15:55:29.768-0800: 43.063: [Full GC (Allocation Failure)  99M->44M(100M), 0.1479131 secs]
   [Eden: 0.0B(50.0M)->0.0B(50.0M) Survivors: 0.0B->0.0B Heap: 99.1M(100.0M)->44.3M(100.0M)], [Metaspace: 67557K->67319K(1110016K)]
 [Times: user=0.21 sys=0.00, real=0.15 secs]
2020-07-10T15:55:29.916-0800: 43.211: [GC concurrent-mark-abort]
2020-07-10T15:55:30.322-0800: 43.617: [GC pause (G1 Evacuation Pause) (young), 0.0074963 secs]
   [Parallel Time: 5.8 ms, GC Workers: 4]
      [GC Worker Start (ms): Min: 43617.1, Avg: 43617.1, Max: 43617.1, Diff: 0.1]
      [Ext Root Scanning (ms): Min: 0.5, Avg: 0.7, Max: 1.2, Diff: 0.7, Sum: 2.8]
      [Update RS (ms): Min: 1.8, Avg: 2.2, Max: 2.4, Diff: 0.6, Sum: 9.0]
         [Processed Buffers: Min: 4, Avg: 8.8, Max: 18, Diff: 14, Sum: 35]
      [Scan RS (ms): Min: 0.0, Avg: 0.0, Max: 0.0, Diff: 0.0, Sum: 0.0]
      [Code Root Scanning (ms): Min: 0.0, Avg: 0.0, Max: 0.0, Diff: 0.0, Sum: 0.0]
      [Object Copy (ms): Min: 2.7, Avg: 2.7, Max: 2.8, Diff: 0.2, Sum: 10.8]
      [Termination (ms): Min: 0.0, Avg: 0.0, Max: 0.0, Diff: 0.0, Sum: 0.0]
         [Termination Attempts: Min: 1, Avg: 1.2, Max: 2, Diff: 1, Sum: 5]
      [GC Worker Other (ms): Min: 0.0, Avg: 0.0, Max: 0.0, Diff: 0.0, Sum: 0.1]
      [GC Worker Total (ms): Min: 5.7, Avg: 5.7, Max: 5.7, Diff: 0.1, Sum: 22.7]
      [GC Worker End (ms): Min: 43622.8, Avg: 43622.8, Max: 43622.8, Diff: 0.0]
   [Code Root Fixup: 0.0 ms]
   [Code Root Purge: 0.1 ms]
   [Clear CT: 0.1 ms]
   [Other: 1.5 ms]
      [Choose CSet: 0.0 ms]
      [Ref Proc: 1.2 ms]
      [Ref Enq: 0.0 ms]
      [Redirty Cards: 0.1 ms]
      [Humongous Register: 0.0 ms]
      [Humongous Reclaim: 0.0 ms]
      [Free CSet: 0.0 ms]
   [Eden: 50.0M(50.0M)->0.0B(45.0M) Survivors: 0.0B->5120.0K Heap: 94.3M(100.0M)->48.6M(100.0M)]
 [Times: user=0.03 sys=0.00, real=0.01 secs]
2020-07-10T15:55:30.718-0800: 44.013: [GC pause (G1 Evacuation Pause) (young) (to-space exhausted), 0.0264479 secs]
   [Parallel Time: 10.8 ms, GC Workers: 4]
      [GC Worker Start (ms): Min: 44012.7, Avg: 44013.3, Max: 44014.8, Diff: 2.0]
      [Ext Root Scanning (ms): Min: 0.0, Avg: 0.8, Max: 1.4, Diff: 1.4, Sum: 3.1]
      [Update RS (ms): Min: 2.5, Avg: 4.4, Max: 7.9, Diff: 5.4, Sum: 17.8]
         [Processed Buffers: Min: 2, Avg: 7.5, Max: 14, Diff: 12, Sum: 30]
      [Scan RS (ms): Min: 0.0, Avg: 0.0, Max: 0.0, Diff: 0.0, Sum: 0.0]
      [Code Root Scanning (ms): Min: 0.0, Avg: 0.0, Max: 0.1, Diff: 0.1, Sum: 0.1]
      [Object Copy (ms): Min: 1.2, Avg: 4.5, Max: 6.0, Diff: 4.8, Sum: 17.9]
      [Termination (ms): Min: 0.0, Avg: 0.5, Max: 0.8, Diff: 0.8, Sum: 1.9]
         [Termination Attempts: Min: 1, Avg: 3.2, Max: 6, Diff: 5, Sum: 13]
      [GC Worker Other (ms): Min: 0.0, Avg: 0.0, Max: 0.0, Diff: 0.0, Sum: 0.0]
      [GC Worker Total (ms): Min: 8.6, Avg: 10.2, Max: 10.8, Diff: 2.2, Sum: 40.9]
      [GC Worker End (ms): Min: 44023.4, Avg: 44023.5, Max: 44023.6, Diff: 0.2]
   [Code Root Fixup: 0.0 ms]
   [Code Root Purge: 0.0 ms]
   [Clear CT: 0.1 ms]
   [Other: 15.5 ms]
      [Evacuation Failure: 13.4 ms]
      [Choose CSet: 0.0 ms]
      [Ref Proc: 1.8 ms]
      [Ref Enq: 0.0 ms]
      [Redirty Cards: 0.1 ms]
      [Humongous Register: 0.0 ms]
      [Humongous Reclaim: 0.0 ms]
      [Free CSet: 0.0 ms]
   [Eden: 45.0M(45.0M)->0.0B(45.0M) Survivors: 5120.0K->5120.0K Heap: 93.6M(100.0M)->91.3M(100.0M)]
 [Times: user=0.07 sys=0.00, real=0.03 secs]
2020-07-10T15:55:30.805-0800: 44.100: [GC pause (G1 Evacuation Pause) (young) (initial-mark) (to-space exhausted), 0.0577857 secs]
   [Parallel Time: 50.5 ms, GC Workers: 4]
      [GC Worker Start (ms): Min: 44100.5, Avg: 44100.6, Max: 44100.6, Diff: 0.0]
      [Ext Root Scanning (ms): Min: 2.1, Avg: 3.5, Max: 6.4, Diff: 4.2, Sum: 14.0]
      [Update RS (ms): Min: 2.7, Avg: 2.8, Max: 3.0, Diff: 0.3, Sum: 11.4]
         [Processed Buffers: Min: 7, Avg: 13.8, Max: 23, Diff: 16, Sum: 55]
      [Scan RS (ms): Min: 0.0, Avg: 0.0, Max: 0.0, Diff: 0.0, Sum: 0.0]
      [Code Root Scanning (ms): Min: 0.0, Avg: 0.0, Max: 0.1, Diff: 0.1, Sum: 0.1]
      [Object Copy (ms): Min: 41.3, Avg: 44.0, Max: 45.1, Diff: 3.8, Sum: 175.8]
      [Termination (ms): Min: 0.0, Avg: 0.0, Max: 0.0, Diff: 0.0, Sum: 0.1]
         [Termination Attempts: Min: 1, Avg: 6.0, Max: 9, Diff: 8, Sum: 24]
      [GC Worker Other (ms): Min: 0.0, Avg: 0.0, Max: 0.0, Diff: 0.0, Sum: 0.0]
      [GC Worker Total (ms): Min: 50.3, Avg: 50.3, Max: 50.4, Diff: 0.0, Sum: 201.4]
      [GC Worker End (ms): Min: 44150.9, Avg: 44150.9, Max: 44150.9, Diff: 0.0]
   [Code Root Fixup: 0.0 ms]
   [Code Root Purge: 0.0 ms]
   [Clear CT: 0.0 ms]
   [Other: 7.2 ms]
      [Evacuation Failure: 6.1 ms]
      [Choose CSet: 0.0 ms]
      [Ref Proc: 0.9 ms]
      [Ref Enq: 0.0 ms]
      [Redirty Cards: 0.1 ms]
      [Humongous Register: 0.0 ms]
      [Humongous Reclaim: 0.0 ms]
      [Free CSet: 0.0 ms]
   [Eden: 8192.0K(45.0M)->0.0B(50.0M) Survivors: 5120.0K->0.0B Heap: 99.3M(100.0M)->99.3M(100.0M)]
 [Times: user=0.09 sys=0.02, real=0.06 secs]
2020-07-10T15:55:30.863-0800: 44.158: [GC concurrent-root-region-scan-start]
2020-07-10T15:55:30.864-0800: 44.159: [GC concurrent-root-region-scan-end, 0.0001840 secs]
2020-07-10T15:55:30.864-0800: 44.159: [GC concurrent-mark-start]
2020-07-10T15:55:30.864-0800: 44.159: [GC pause (G1 Evacuation Pause) (young), 0.0080686 secs]
   [Parallel Time: 6.8 ms, GC Workers: 4]
      [GC Worker Start (ms): Min: 44158.7, Avg: 44158.7, Max: 44158.7, Diff: 0.0]
      [Ext Root Scanning (ms): Min: 0.6, Avg: 0.8, Max: 1.1, Diff: 0.5, Sum: 3.0]
      [Update RS (ms): Min: 5.5, Avg: 5.9, Max: 6.0, Diff: 0.5, Sum: 23.6]
         [Processed Buffers: Min: 16, Avg: 22.5, Max: 31, Diff: 15, Sum: 90]
      [Scan RS (ms): Min: 0.0, Avg: 0.0, Max: 0.0, Diff: 0.0, Sum: 0.0]
      [Code Root Scanning (ms): Min: 0.0, Avg: 0.0, Max: 0.0, Diff: 0.0, Sum: 0.0]
      [Object Copy (ms): Min: 0.0, Avg: 0.0, Max: 0.1, Diff: 0.1, Sum: 0.2]
      [Termination (ms): Min: 0.0, Avg: 0.0, Max: 0.1, Diff: 0.1, Sum: 0.2]
         [Termination Attempts: Min: 1, Avg: 1.0, Max: 1, Diff: 0, Sum: 4]
      [GC Worker Other (ms): Min: 0.0, Avg: 0.0, Max: 0.0, Diff: 0.0, Sum: 0.0]
      [GC Worker Total (ms): Min: 6.7, Avg: 6.8, Max: 6.8, Diff: 0.1, Sum: 27.0]
      [GC Worker End (ms): Min: 44165.4, Avg: 44165.5, Max: 44165.5, Diff: 0.0]
   [Code Root Fixup: 0.0 ms]
   [Code Root Purge: 0.0 ms]
   [Clear CT: 0.1 ms]
   [Other: 1.1 ms]
      [Choose CSet: 0.0 ms]
      [Ref Proc: 0.9 ms]
      [Ref Enq: 0.0 ms]
      [Redirty Cards: 0.2 ms]
      [Humongous Register: 0.0 ms]
      [Humongous Reclaim: 0.0 ms]
      [Free CSet: 0.0 ms]
   [Eden: 0.0B(50.0M)->0.0B(50.0M) Survivors: 0.0B->0.0B Heap: 99.3M(100.0M)->99.3M(100.0M)]
 [Times: user=0.03 sys=0.00, real=0.01 secs]
2020-07-10T15:55:30.873-0800: 44.168: [Full GC (Allocation Failure)
 99M->46M(100M), 0.1683817 secs]
   [Eden: 0.0B(50.0M)->0.0B(50.0M) Survivors: 0.0B->0.0B Heap: 99.3M(100.0M)->46.3M(100.0M)], [Metaspace: 70237K->70081K(1114112K)]
 [Times: user=0.22 sys=0.00, real=0.17 secs]
2020-07-10T15:55:31.041-0800: 44.337: [GC concurrent-mark-abort]
2020-07-10T15:55:31.303-0800: 44.598: [GC pause (G1 Evacuation Pause) (young), 0.0061106 secs]
   [Parallel Time: 3.8 ms, GC Workers: 4]
      [GC Worker Start (ms): Min: 44597.8, Avg: 44597.8, Max: 44597.8, Diff: 0.1]
      [Ext Root Scanning (ms): Min: 0.6, Avg: 0.8, Max: 1.2, Diff: 0.5, Sum: 3.1]
      [Update RS (ms): Min: 1.1, Avg: 1.5, Max: 1.7, Diff: 0.6, Sum: 5.9]
         [Processed Buffers: Min: 4, Avg: 7.0, Max: 13, Diff: 9, Sum: 28]
      [Scan RS (ms): Min: 0.0, Avg: 0.0, Max: 0.0, Diff: 0.0, Sum: 0.0]
      [Code Root Scanning (ms): Min: 0.0, Avg: 0.0, Max: 0.0, Diff: 0.0, Sum: 0.0]
      [Object Copy (ms): Min: 1.4, Avg: 1.5, Max: 1.6, Diff: 0.2, Sum: 5.9]
      [Termination (ms): Min: 0.0, Avg: 0.0, Max: 0.0, Diff: 0.0, Sum: 0.0]
         [Termination Attempts: Min: 1, Avg: 1.0, Max: 1, Diff: 0, Sum: 4]
      [GC Worker Other (ms): Min: 0.0, Avg: 0.0, Max: 0.0, Diff: 0.0, Sum: 0.1]
      [GC Worker Total (ms): Min: 3.7, Avg: 3.7, Max: 3.8, Diff: 0.0, Sum: 15.0]
      [GC Worker End (ms): Min: 44601.5, Avg: 44601.6, Max: 44601.6, Diff: 0.0]
   [Code Root Fixup: 0.0 ms]
   [Code Root Purge: 0.2 ms]
   [Clear CT: 0.1 ms]
   [Other: 2.0 ms]
      [Choose CSet: 0.0 ms]
      [Ref Proc: 1.8 ms]
      [Ref Enq: 0.0 ms]
      [Redirty Cards: 0.1 ms]
      [Humongous Register: 0.0 ms]
      [Humongous Reclaim: 0.0 ms]
      [Free CSet: 0.0 ms]
   [Eden: 50.0M(50.0M)->0.0B(47.0M) Survivors: 0.0B->3072.0K Heap: 96.3M(100.0M)->48.9M(100.0M)]
 [Times: user=0.02 sys=0.00, real=0.00 secs]
2020-07-10T15:55:31.609-0800: 44.904: [GC pause (G1 Evacuation Pause) (young) (initial-mark) (to-space exhausted), 0.0799164 secs]
   [Parallel Time: 55.5 ms, GC Workers: 4]
      [GC Worker Start (ms): Min: 44904.0, Avg: 44904.1, Max: 44904.1, Diff: 0.1]
      [Ext Root Scanning (ms): Min: 1.6, Avg: 1.9, Max: 2.5, Diff: 0.9, Sum: 7.4]
      [Update RS (ms): Min: 1.9, Avg: 2.6, Max: 3.0, Diff: 1.1, Sum: 10.6]
         [Processed Buffers: Min: 5, Avg: 8.5, Max: 12, Diff: 7, Sum: 34]
      [Scan RS (ms): Min: 0.0, Avg: 0.0, Max: 0.0, Diff: 0.0, Sum: 0.0]
      [Code Root Scanning (ms): Min: 0.0, Avg: 0.0, Max: 0.0, Diff: 0.0, Sum: 0.1]
      [Object Copy (ms): Min: 50.1, Avg: 50.5, Max: 50.9, Diff: 0.8, Sum: 201.9]
      [Termination (ms): Min: 0.0, Avg: 0.3, Max: 0.6, Diff: 0.6, Sum: 1.2]
         [Termination Attempts: Min: 1, Avg: 1.0, Max: 1, Diff: 0, Sum: 4]
      [GC Worker Other (ms): Min: 0.0, Avg: 0.0, Max: 0.0, Diff: 0.0, Sum: 0.1]
      [GC Worker Total (ms): Min: 55.3, Avg: 55.3, Max: 55.4, Diff: 0.1, Sum: 221.3]
      [GC Worker End (ms): Min: 44959.4, Avg: 44959.4, Max: 44959.4, Diff: 0.0]
   [Code Root Fixup: 0.0 ms]
   [Code Root Purge: 0.0 ms]
   [Clear CT: 0.1 ms]
   [Other: 24.4 ms]
      [Evacuation Failure: 22.5 ms]
      [Choose CSet: 0.0 ms]
      [Ref Proc: 1.6 ms]
      [Ref Enq: 0.0 ms]
      [Redirty Cards: 0.1 ms]
      [Humongous Register: 0.0 ms]
      [Humongous Reclaim: 0.0 ms]
      [Free CSet: 0.0 ms]
   [Eden: 47.0M(47.0M)->0.0B(47.0M) Survivors: 3072.0K->3072.0K Heap: 95.9M(100.0M)->98.3M(100.0M)]
 [Times: user=0.14 sys=0.02, real=0.08 secs]
2020-07-10T15:55:31.689-0800: 44.984: [GC concurrent-root-region-scan-start]
2020-07-10T15:55:31.697-0800: 44.992: [GC concurrent-root-region-scan-end, 0.0080754 secs]
2020-07-10T15:55:31.697-0800: 44.992: [GC concurrent-mark-start]
2020-07-10T15:55:31.715-0800: 45.010: [GC pause (G1 Evacuation Pause) (young) (to-space exhausted), 0.0363280 secs]
   [Parallel Time: 32.5 ms, GC Workers: 4]
      [GC Worker Start (ms): Min: 45010.5, Avg: 45010.6, Max: 45010.8, Diff: 0.3]
      [Ext Root Scanning (ms): Min: 0.3, Avg: 1.0, Max: 2.6, Diff: 2.3, Sum: 4.1]
      [Update RS (ms): Min: 3.2, Avg: 3.9, Max: 4.6, Diff: 1.4, Sum: 15.4]
         [Processed Buffers: Min: 12, Avg: 16.0, Max: 19, Diff: 7, Sum: 64]
      [Scan RS (ms): Min: 0.4, Avg: 0.6, Max: 0.7, Diff: 0.3, Sum: 2.3]
      [Code Root Scanning (ms): Min: 0.0, Avg: 0.0, Max: 0.0, Diff: 0.0, Sum: 0.0]
      [Object Copy (ms): Min: 25.3, Avg: 26.4, Max: 27.4, Diff: 2.1, Sum: 105.7]
      [Termination (ms): Min: 0.0, Avg: 0.4, Max: 0.6, Diff: 0.6, Sum: 1.8]
         [Termination Attempts: Min: 1, Avg: 2.8, Max: 7, Diff: 6, Sum: 11]
      [GC Worker Other (ms): Min: 0.0, Avg: 0.0, Max: 0.0, Diff: 0.0, Sum: 0.0]
      [GC Worker Total (ms): Min: 32.2, Avg: 32.4, Max: 32.5, Diff: 0.3, Sum: 129.5]
      [GC Worker End (ms): Min: 45043.0, Avg: 45043.0, Max: 45043.0, Diff: 0.0]
   [Code Root Fixup: 0.0 ms]
   [Code Root Purge: 0.0 ms]
   [Clear CT: 0.1 ms]
   [Other: 3.7 ms]
      [Evacuation Failure: 2.3 ms]
      [Choose CSet: 0.0 ms]
      [Ref Proc: 1.3 ms]
      [Ref Enq: 0.0 ms]
      [Redirty Cards: 0.1 ms]
      [Humongous Register: 0.0 ms]
      [Humongous Reclaim: 0.0 ms]
      [Free CSet: 0.0 ms]
   [Eden: 1024.0K(47.0M)->0.0B(50.0M) Survivors: 3072.0K->0.0B Heap: 99.3M(100.0M)->99.3M(100.0M)]
 [Times: user=0.06 sys=0.01, real=0.04 secs]
2020-07-10T15:55:31.752-0800: 45.047: [GC pause (G1 Evacuation Pause) (young), 0.0069423 secs]
   [Parallel Time: 5.1 ms, GC Workers: 4]
      [GC Worker Start (ms): Min: 45047.2, Avg: 45047.3, Max: 45047.3, Diff: 0.1]
      [Ext Root Scanning (ms): Min: 0.5, Avg: 0.7, Max: 1.1, Diff: 0.7, Sum: 2.7]
      [Update RS (ms): Min: 3.7, Avg: 4.1, Max: 4.3, Diff: 0.6, Sum: 16.3]
         [Processed Buffers: Min: 16, Avg: 20.0, Max: 24, Diff: 8, Sum: 80]
      [Scan RS (ms): Min: 0.0, Avg: 0.0, Max: 0.0, Diff: 0.0, Sum: 0.0]
      [Code Root Scanning (ms): Min: 0.0, Avg: 0.0, Max: 0.0, Diff: 0.0, Sum: 0.0]
      [Object Copy (ms): Min: 0.0, Avg: 0.0, Max: 0.1, Diff: 0.1, Sum: 0.2]
      [Termination (ms): Min: 0.0, Avg: 0.2, Max: 0.4, Diff: 0.4, Sum: 0.9]
         [Termination Attempts: Min: 1, Avg: 1.0, Max: 1, Diff: 0, Sum: 4]
      [GC Worker Other (ms): Min: 0.0, Avg: 0.0, Max: 0.0, Diff: 0.0, Sum: 0.1]
      [GC Worker Total (ms): Min: 4.9, Avg: 5.0, Max: 5.1, Diff: 0.2, Sum: 20.1]
      [GC Worker End (ms): Min: 45052.2, Avg: 45052.3, Max: 45052.3, Diff: 0.2]
   [Code Root Fixup: 0.0 ms]
   [Code Root Purge: 0.0 ms]
   [Clear CT: 0.0 ms]
   [Other: 1.7 ms]
      [Choose CSet: 0.0 ms]
      [Ref Proc: 1.6 ms]
      [Ref Enq: 0.0 ms]
      [Redirty Cards: 0.0 ms]
      [Humongous Register: 0.0 ms]
      [Humongous Reclaim: 0.0 ms]
      [Free CSet: 0.0 ms]
   [Eden: 0.0B(50.0M)->0.0B(50.0M) Survivors: 0.0B->0.0B Heap: 99.3M(100.0M)->99.3M(100.0M)]
 [Times: user=0.03 sys=0.00, real=0.00 secs]
2020-07-10T15:55:31.759-0800: 45.054: [Full GC (Allocation Failure)  99M->47M(100M), 0.1735349 secs]
   [Eden: 0.0B(50.0M)->0.0B(50.0M) Survivors: 0.0B->0.0B Heap: 99.3M(100.0M)->48.0M(100.0M)], [Metaspace: 71558K->71429K(1114112K)]
 [Times: user=0.23 sys=0.00, real=0.18 secs]
2020-07-10T15:55:31.933-0800: 45.228: [GC concurrent-mark-abort]
2020-07-10T15:55:32.267-0800: 45.562: [GC pause (G1 Evacuation Pause) (young) (to-space exhausted), 0.0206088 secs]
   [Parallel Time: 11.0 ms, GC Workers: 4]
      [GC Worker Start (ms): Min: 45562.0, Avg: 45562.0, Max: 45562.1, Diff: 0.1]
      [Ext Root Scanning (ms): Min: 0.8, Avg: 1.0, Max: 1.2, Diff: 0.4, Sum: 4.0]
      [Update RS (ms): Min: 1.1, Avg: 1.2, Max: 1.2, Diff: 0.1, Sum: 4.7]
         [Processed Buffers: Min: 3, Avg: 9.8, Max: 18, Diff: 15, Sum: 39]
      [Scan RS (ms): Min: 0.0, Avg: 0.0, Max: 0.0, Diff: 0.0, Sum: 0.0]
      [Code Root Scanning (ms): Min: 0.0, Avg: 0.0, Max: 0.1, Diff: 0.1, Sum: 0.1]
      [Object Copy (ms): Min: 7.9, Avg: 8.3, Max: 8.8, Diff: 0.9, Sum: 33.0]
      [Termination (ms): Min: 0.0, Avg: 0.5, Max: 0.7, Diff: 0.7, Sum: 1.9]
         [Termination Attempts: Min: 1, Avg: 1.2, Max: 2, Diff: 1, Sum: 5]
      [GC Worker Other (ms): Min: 0.0, Avg: 0.0, Max: 0.0, Diff: 0.0, Sum: 0.0]
      [GC Worker Total (ms): Min: 10.9, Avg: 10.9, Max: 11.0, Diff: 0.1, Sum: 43.7]
      [GC Worker End (ms): Min: 45572.9, Avg: 45573.0, Max: 45573.0, Diff: 0.0]
   [Code Root Fixup: 0.0 ms]
   [Code Root Purge: 0.2 ms]
   [Clear CT: 0.1 ms]
   [Other: 9.4 ms]
      [Evacuation Failure: 7.2 ms]
      [Choose CSet: 0.0 ms]
      [Ref Proc: 1.9 ms]
      [Ref Enq: 0.0 ms]
      [Redirty Cards: 0.1 ms]
      [Humongous Register: 0.0 ms]
      [Humongous Reclaim: 0.0 ms]
      [Free CSet: 0.0 ms]
   [Eden: 50.0M(50.0M)->0.0B(49.0M) Survivors: 0.0B->1024.0K Heap: 98.0M(100.0M)->92.0M(100.0M)]
 [Times: user=0.04 sys=0.00, real=0.02 secs]
2020-07-10T15:55:32.402-0800: 45.697: [GC pause (G1 Evacuation Pause) (young) (initial-mark) (to-space exhausted), 0.0192368 secs]
   [Parallel Time: 15.4 ms, GC Workers: 4]
      [GC Worker Start (ms): Min: 45696.8, Avg: 45696.8, Max: 45696.9, Diff: 0.1]
      [Ext Root Scanning (ms): Min: 2.2, Avg: 2.5, Max: 3.2, Diff: 1.0, Sum: 10.2]
      [Update RS (ms): Min: 1.2, Avg: 1.5, Max: 2.1, Diff: 0.9, Sum: 6.0]
         [Processed Buffers: Min: 6, Avg: 10.0, Max: 16, Diff: 10, Sum: 40]
      [Scan RS (ms): Min: 0.0, Avg: 0.0, Max: 0.0, Diff: 0.0, Sum: 0.0]
      [Code Root Scanning (ms): Min: 0.0, Avg: 0.0, Max: 0.1, Diff: 0.1, Sum: 0.1]
      [Object Copy (ms): Min: 10.5, Avg: 11.2, Max: 11.9, Diff: 1.5, Sum: 44.7]
      [Termination (ms): Min: 0.0, Avg: 0.0, Max: 0.0, Diff: 0.0, Sum: 0.0]
         [Termination Attempts: Min: 1, Avg: 1.0, Max: 1, Diff: 0, Sum: 4]
      [GC Worker Other (ms): Min: 0.0, Avg: 0.0, Max: 0.0, Diff: 0.0, Sum: 0.1]
      [GC Worker Total (ms): Min: 15.2, Avg: 15.3, Max: 15.3, Diff: 0.1, Sum: 61.0]
      [GC Worker End (ms): Min: 45712.1, Avg: 45712.1, Max: 45712.1, Diff: 0.0]
   [Code Root Fixup: 0.0 ms]
   [Code Root Purge: 0.0 ms]
   [Clear CT: 0.0 ms]
   [Other: 3.8 ms]
      [Evacuation Failure: 2.7 ms]
      [Choose CSet: 0.0 ms]
      [Ref Proc: 0.9 ms]
      [Ref Enq: 0.0 ms]
      [Redirty Cards: 0.1 ms]
      [Humongous Register: 0.0 ms]
      [Humongous Reclaim: 0.0 ms]
      [Free CSet: 0.0 ms]
   [Eden: 7168.0K(49.0M)->0.0B(50.0M) Survivors: 1024.0K->0.0B Heap: 99.0M(100.0M)->99.0M(100.0M)]
 [Times: user=0.03 sys=0.01, real=0.02 secs]
2020-07-10T15:55:32.421-0800: 45.716: [GC concurrent-root-region-scan-start]
2020-07-10T15:55:32.421-0800: 45.716: [GC concurrent-root-region-scan-end, 0.0002045 secs]
2020-07-10T15:55:32.421-0800: 45.716: [GC concurrent-mark-start]
2020-07-10T15:55:32.421-0800: 45.716: [GC pause (G1 Evacuation Pause) (young), 0.0040290 secs]
   [Parallel Time: 2.7 ms, GC Workers: 4]
      [GC Worker Start (ms): Min: 45716.4, Avg: 45716.4, Max: 45716.4, Diff: 0.1]
      [Ext Root Scanning (ms): Min: 0.6, Avg: 0.8, Max: 1.2, Diff: 0.5, Sum: 3.1]
      [Update RS (ms): Min: 1.3, Avg: 1.6, Max: 1.8, Diff: 0.5, Sum: 6.5]
         [Processed Buffers: Min: 7, Avg: 10.0, Max: 13, Diff: 6, Sum: 40]
      [Scan RS (ms): Min: 0.0, Avg: 0.0, Max: 0.0, Diff: 0.0, Sum: 0.0]
      [Code Root Scanning (ms): Min: 0.0, Avg: 0.0, Max: 0.0, Diff: 0.0, Sum: 0.0]
      [Object Copy (ms): Min: 0.0, Avg: 0.0, Max: 0.1, Diff: 0.1, Sum: 0.2]
      [Termination (ms): Min: 0.0, Avg: 0.1, Max: 0.3, Diff: 0.3, Sum: 0.6]
         [Termination Attempts: Min: 1, Avg: 1.0, Max: 1, Diff: 0, Sum: 4]
      [GC Worker Other (ms): Min: 0.0, Avg: 0.0, Max: 0.0, Diff: 0.0, Sum: 0.0]
      [GC Worker Total (ms): Min: 2.5, Avg: 2.6, Max: 2.7, Diff: 0.2, Sum: 10.4]
      [GC Worker End (ms): Min: 45718.9, Avg: 45719.0, Max: 45719.0, Diff: 0.1]
   [Code Root Fixup: 0.0 ms]
   [Code Root Purge: 0.0 ms]
   [Clear CT: 0.1 ms]
   [Other: 1.2 ms]
      [Choose CSet: 0.0 ms]
      [Ref Proc: 1.1 ms]
      [Ref Enq: 0.0 ms]
      [Redirty Cards: 0.1 ms]
      [Humongous Register: 0.0 ms]
      [Humongous Reclaim: 0.0 ms]
      [Free CSet: 0.0 ms]
   [Eden: 0.0B(50.0M)->0.0B(50.0M) Survivors: 0.0B->0.0B Heap: 99.0M(100.0M)->99.0M(100.0M)]
 [Times: user=0.02 sys=0.00, real=0.00 secs]
2020-07-10T15:55:32.426-0800: 45.721: [GC pause (G1 Evacuation Pause) (young), 0.0040424 secs]
   [Parallel Time: 2.1 ms, GC Workers: 4]
      [GC Worker Start (ms): Min: 45721.5, Avg: 45721.5, Max: 45721.5, Diff: 0.1]
      [Ext Root Scanning (ms): Min: 0.5, Avg: 0.9, Max: 1.8, Diff: 1.2, Sum: 3.5]
      [Update RS (ms): Min: 0.0, Avg: 0.0, Max: 0.0, Diff: 0.0, Sum: 0.0]
         [Processed Buffers: Min: 0, Avg: 0.2, Max: 1, Diff: 1, Sum: 1]
      [Scan RS (ms): Min: 0.0, Avg: 0.0, Max: 0.0, Diff: 0.0, Sum: 0.0]
      [Code Root Scanning (ms): Min: 0.0, Avg: 0.0, Max: 0.0, Diff: 0.0, Sum: 0.0]
      [Object Copy (ms): Min: 0.0, Avg: 0.0, Max: 0.1, Diff: 0.1, Sum: 0.2]
      [Termination (ms): Min: 0.0, Avg: 0.9, Max: 1.3, Diff: 1.3, Sum: 3.6]
         [Termination Attempts: Min: 1, Avg: 1.0, Max: 1, Diff: 0, Sum: 4]
      [GC Worker Other (ms): Min: 0.0, Avg: 0.0, Max: 0.0, Diff: 0.0, Sum: 0.0]
      [GC Worker Total (ms): Min: 1.8, Avg: 1.8, Max: 1.9, Diff: 0.1, Sum: 7.3]
      [GC Worker End (ms): Min: 45723.3, Avg: 45723.3, Max: 45723.5, Diff: 0.2]
   [Code Root Fixup: 0.0 ms]
   [Code Root Purge: 0.0 ms]
   [Clear CT: 0.1 ms]
   [Other: 1.9 ms]
      [Choose CSet: 0.0 ms]
      [Ref Proc: 1.7 ms]
      [Ref Enq: 0.0 ms]
      [Redirty Cards: 0.0 ms]
      [Humongous Register: 0.0 ms]
      [Humongous Reclaim: 0.0 ms]
      [Free CSet: 0.0 ms]
   [Eden: 0.0B(50.0M)->0.0B(50.0M) Survivors: 0.0B->0.0B Heap: 99.0M(100.0M)->99.0M(100.0M)]
 [Times: user=0.01 sys=0.00, real=0.01 secs]
2020-07-10T15:55:32.431-0800: 45.726: [Full GC (Allocation Failure)  98M->48M(100M), 0.1623453 secs]
   [Eden: 0.0B(50.0M)->0.0B(50.0M) Survivors: 0.0B->0.0B Heap: 99.0M(100.0M)->48.1M(100.0M)], [Metaspace: 73504K->73504K(1116160K)]
 [Times: user=0.21 sys=0.00, real=0.16 secs]
2020-07-10T15:55:32.594-0800: 45.889: [GC concurrent-mark-abort]
2020-07-10T15:55:32.634-0800: 45.929: [GC pause (G1 Humongous Allocation) (young) (initial-mark), 0.0051829 secs]
   [Parallel Time: 3.3 ms, GC Workers: 4]
      [GC Worker Start (ms): Min: 45928.8, Avg: 45929.3, Max: 45930.4, Diff: 1.6]
      [Ext Root Scanning (ms): Min: 0.4, Avg: 1.8, Max: 2.6, Diff: 2.2, Sum: 7.2]
      [Update RS (ms): Min: 0.0, Avg: 0.2, Max: 0.4, Diff: 0.4, Sum: 0.8]
         [Processed Buffers: Min: 0, Avg: 4.5, Max: 15, Diff: 15, Sum: 18]
      [Scan RS (ms): Min: 0.0, Avg: 0.0, Max: 0.0, Diff: 0.0, Sum: 0.0]
      [Code Root Scanning (ms): Min: 0.0, Avg: 0.0, Max: 0.0, Diff: 0.0, Sum: 0.0]
      [Object Copy (ms): Min: 0.1, Avg: 0.2, Max: 0.3, Diff: 0.2, Sum: 0.7]
      [Termination (ms): Min: 0.0, Avg: 0.3, Max: 0.6, Diff: 0.6, Sum: 1.4]
         [Termination Attempts: Min: 1, Avg: 1.2, Max: 2, Diff: 1, Sum: 5]
      [GC Worker Other (ms): Min: 0.0, Avg: 0.0, Max: 0.0, Diff: 0.0, Sum: 0.0]
      [GC Worker Total (ms): Min: 1.3, Avg: 2.5, Max: 3.1, Diff: 1.8, Sum: 10.1]
      [GC Worker End (ms): Min: 45931.7, Avg: 45931.8, Max: 45931.9, Diff: 0.2]
   [Code Root Fixup: 0.0 ms]
   [Code Root Purge: 0.3 ms]
   [Clear CT: 0.1 ms]
   [Other: 1.4 ms]
      [Choose CSet: 0.0 ms]
      [Ref Proc: 1.2 ms]
      [Ref Enq: 0.0 ms]
      [Redirty Cards: 0.1 ms]
      [Humongous Register: 0.0 ms]
      [Humongous Reclaim: 0.0 ms]
      [Free CSet: 0.0 ms]
   [Eden: 4096.0K(50.0M)->0.0B(49.0M) Survivors: 0.0B->1024.0K Heap: 52.1M(100.0M)->48.6M(100.0M)]
 [Times: user=0.01 sys=0.00, real=0.00 secs]
2020-07-10T15:55:32.639-0800: 45.934: [GC concurrent-root-region-scan-start]
2020-07-10T15:55:32.641-0800: 45.936: [GC concurrent-root-region-scan-end, 0.0021936 secs]
2020-07-10T15:55:32.641-0800: 45.936: [GC concurrent-mark-start]
2020-07-10T15:55:32.747-0800: 46.042: [GC concurrent-mark-end, 0.1061286 secs]
2020-07-10T15:55:32.748-0800: 46.043: [GC remark 2020-07-10T15:55:32.748-0800: 46.043: [Finalize Marking, 0.0008711 secs] 2020-07-10T15:55:32.749-0800: 46.044: [GC ref-proc, 0.0021098 secs] 2020-07-10T15:55:32.751-0800: 46.046: [Unloading, 0.0118088 secs], 0.0153319 secs]
 [Times: user=0.04 sys=0.00, real=0.02 secs]
2020-07-10T15:55:32.764-0800: 46.059: [GC cleanup 64M->64M(100M), 0.0006559 secs]
 [Times: user=0.00 sys=0.00, real=0.00 secs]
2020-07-10T15:55:33.204-0800: 46.499: [GC pause (G1 Evacuation Pause) (young) (to-space exhausted), 0.0429946 secs]
   [Parallel Time: 31.0 ms, GC Workers: 4]
      [GC Worker Start (ms): Min: 46499.1, Avg: 46500.5, Max: 46501.8, Diff: 2.7]
      [Ext Root Scanning (ms): Min: 0.4, Avg: 2.3, Max: 5.5, Diff: 5.1, Sum: 9.1]
      [Update RS (ms): Min: 0.0, Avg: 0.9, Max: 1.5, Diff: 1.5, Sum: 3.8]
         [Processed Buffers: Min: 0, Avg: 6.8, Max: 15, Diff: 15, Sum: 27]
      [Scan RS (ms): Min: 0.0, Avg: 0.0, Max: 0.0, Diff: 0.0, Sum: 0.0]
      [Code Root Scanning (ms): Min: 0.0, Avg: 0.0, Max: 0.0, Diff: 0.0, Sum: 0.1]
      [Object Copy (ms): Min: 15.2, Avg: 16.0, Max: 17.1, Diff: 1.9, Sum: 64.0]
      [Termination (ms): Min: 0.0, Avg: 2.9, Max: 10.6, Diff: 10.6, Sum: 11.7]
         [Termination Attempts: Min: 1, Avg: 1.0, Max: 1, Diff: 0, Sum: 4]
      [GC Worker Other (ms): Min: 0.0, Avg: 0.0, Max: 0.0, Diff: 0.0, Sum: 0.0]
      [GC Worker Total (ms): Min: 18.3, Avg: 22.2, Max: 30.8, Diff: 12.4, Sum: 88.7]
      [GC Worker End (ms): Min: 46520.1, Avg: 46522.6, Max: 46530.1, Diff: 10.0]
   [Code Root Fixup: 0.0 ms]
   [Code Root Purge: 0.0 ms]
   [Clear CT: 0.1 ms]
   [Other: 11.9 ms]
      [Evacuation Failure: 9.0 ms]
      [Choose CSet: 0.0 ms]
      [Ref Proc: 2.8 ms]
      [Ref Enq: 0.0 ms]
      [Redirty Cards: 0.0 ms]
      [Humongous Register: 0.0 ms]
      [Humongous Reclaim: 0.0 ms]
      [Free CSet: 0.0 ms]
   [Eden: 49.0M(49.0M)->0.0B(50.0M) Survivors: 1024.0K->0.0B Heap: 98.3M(100.0M)->97.6M(100.0M)]
 [Times: user=0.07 sys=0.00, real=0.04 secs]
2020-07-10T15:55:33.287-0800: 46.582: [GC pause (G1 Evacuation Pause) (young) (to-space exhausted), 0.0175759 secs]
   [Parallel Time: 15.0 ms, GC Workers: 4]
      [GC Worker Start (ms): Min: 46582.4, Avg: 46584.3, Max: 46586.3, Diff: 3.9]
      [Ext Root Scanning (ms): Min: 0.0, Avg: 1.0, Max: 2.6, Diff: 2.6, Sum: 3.9]
      [Update RS (ms): Min: 2.0, Avg: 2.9, Max: 3.3, Diff: 1.3, Sum: 11.6]
         [Processed Buffers: Min: 9, Avg: 12.5, Max: 16, Diff: 7, Sum: 50]
      [Scan RS (ms): Min: 0.0, Avg: 0.0, Max: 0.0, Diff: 0.0, Sum: 0.0]
      [Code Root Scanning (ms): Min: 0.0, Avg: 0.0, Max: 0.0, Diff: 0.0, Sum: 0.0]
      [Object Copy (ms): Min: 0.1, Avg: 0.4, Max: 0.8, Diff: 0.7, Sum: 1.6]
      [Termination (ms): Min: 0.0, Avg: 4.5, Max: 9.0, Diff: 9.0, Sum: 18.1]
         [Termination Attempts: Min: 1, Avg: 1.0, Max: 1, Diff: 0, Sum: 4]
      [GC Worker Other (ms): Min: 0.0, Avg: 0.0, Max: 0.0, Diff: 0.0, Sum: 0.0]
      [GC Worker Total (ms): Min: 2.7, Avg: 8.8, Max: 13.3, Diff: 10.6, Sum: 35.3]
      [GC Worker End (ms): Min: 46588.9, Avg: 46593.1, Max: 46597.4, Diff: 8.5]
   [Code Root Fixup: 0.0 ms]
   [Code Root Purge: 0.0 ms]
   [Clear CT: 0.1 ms]
   [Other: 2.4 ms]
      [Evacuation Failure: 0.5 ms]
      [Choose CSet: 0.0 ms]
      [Ref Proc: 1.7 ms]
      [Ref Enq: 0.0 ms]
      [Redirty Cards: 0.1 ms]
      [Humongous Register: 0.0 ms]
      [Humongous Reclaim: 0.0 ms]
      [Free CSet: 0.0 ms]
   [Eden: 1024.0K(50.0M)->0.0B(50.0M) Survivors: 0.0B->0.0B Heap: 98.6M(100.0M)->98.6M(100.0M)]
 [Times: user=0.02 sys=0.00, real=0.02 secs]
2020-07-10T15:55:33.305-0800: 46.600: [GC pause (G1 Evacuation Pause) (young) (initial-mark), 0.0055036 secs]
   [Parallel Time: 3.4 ms, GC Workers: 4]
      [GC Worker Start (ms): Min: 46600.6, Avg: 46600.6, Max: 46600.7, Diff: 0.1]
      [Ext Root Scanning (ms): Min: 1.8, Avg: 2.4, Max: 2.6, Diff: 0.8, Sum: 9.5]
      [Update RS (ms): Min: 0.0, Avg: 0.1, Max: 0.2, Diff: 0.2, Sum: 0.2]
         [Processed Buffers: Min: 0, Avg: 2.0, Max: 8, Diff: 8, Sum: 8]
      [Scan RS (ms): Min: 0.0, Avg: 0.0, Max: 0.0, Diff: 0.0, Sum: 0.0]
      [Code Root Scanning (ms): Min: 0.0, Avg: 0.0, Max: 0.0, Diff: 0.0, Sum: 0.0]
      [Object Copy (ms): Min: 0.0, Avg: 0.1, Max: 0.2, Diff: 0.2, Sum: 0.4]
      [Termination (ms): Min: 0.0, Avg: 0.3, Max: 1.2, Diff: 1.2, Sum: 1.3]
         [Termination Attempts: Min: 1, Avg: 1.0, Max: 1, Diff: 0, Sum: 4]
      [GC Worker Other (ms): Min: 0.0, Avg: 0.0, Max: 0.0, Diff: 0.0, Sum: 0.0]
      [GC Worker Total (ms): Min: 2.7, Avg: 2.8, Max: 3.3, Diff: 0.6, Sum: 11.4]
      [GC Worker End (ms): Min: 46603.4, Avg: 46603.5, Max: 46603.8, Diff: 0.5]
   [Code Root Fixup: 0.0 ms]
   [Code Root Purge: 0.0 ms]
   [Clear CT: 0.1 ms]
   [Other: 1.9 ms]
      [Choose CSet: 0.0 ms]
      [Ref Proc: 1.7 ms]
      [Ref Enq: 0.0 ms]
      [Redirty Cards: 0.1 ms]
      [Humongous Register: 0.0 ms]
      [Humongous Reclaim: 0.0 ms]
      [Free CSet: 0.0 ms]
   [Eden: 0.0B(50.0M)->0.0B(50.0M) Survivors: 0.0B->0.0B Heap: 98.6M(100.0M)->98.6M(100.0M)]
 [Times: user=0.01 sys=0.00, real=0.01 secs]
2020-07-10T15:55:33.311-0800: 46.606: [GC concurrent-root-region-scan-start]
2020-07-10T15:55:33.311-0800: 46.606: [GC concurrent-root-region-scan-end, 0.0001650 secs]
2020-07-10T15:55:33.311-0800: 46.606: [GC concurrent-mark-start]
2020-07-10T15:55:33.311-0800: 46.606: [GC pause (G1 Evacuation Pause) (young), 0.0105917 secs]
   [Parallel Time: 8.0 ms, GC Workers: 4]
      [GC Worker Start (ms): Min: 46606.3, Avg: 46608.9, Max: 46610.0, Diff: 3.7]
      [Ext Root Scanning (ms): Min: 0.0, Avg: 0.8, Max: 3.0, Diff: 3.0, Sum: 3.1]
      [Update RS (ms): Min: 0.0, Avg: 0.0, Max: 0.0, Diff: 0.0, Sum: 0.0]
         [Processed Buffers: Min: 0, Avg: 0.2, Max: 1, Diff: 1, Sum: 1]
      [Scan RS (ms): Min: 0.0, Avg: 0.0, Max: 0.0, Diff: 0.0, Sum: 0.0]
      [Code Root Scanning (ms): Min: 0.0, Avg: 0.0, Max: 0.0, Diff: 0.0, Sum: 0.0]
      [Object Copy (ms): Min: 0.0, Avg: 0.0, Max: 0.2, Diff: 0.2, Sum: 0.2]
      [Termination (ms): Min: 0.0, Avg: 2.1, Max: 4.8, Diff: 4.8, Sum: 8.3]
         [Termination Attempts: Min: 1, Avg: 1.0, Max: 1, Diff: 0, Sum: 4]
      [GC Worker Other (ms): Min: 0.0, Avg: 0.0, Max: 0.0, Diff: 0.0, Sum: 0.0]
      [GC Worker Total (ms): Min: 0.0, Avg: 2.9, Max: 6.6, Diff: 6.6, Sum: 11.7]
      [GC Worker End (ms): Min: 46610.0, Avg: 46611.8, Max: 46614.3, Diff: 4.2]
   [Code Root Fixup: 0.0 ms]
   [Code Root Purge: 0.0 ms]
   [Clear CT: 0.1 ms]
   [Other: 2.4 ms]
      [Choose CSet: 0.0 ms]
      [Ref Proc: 2.2 ms]
      [Ref Enq: 0.0 ms]
      [Redirty Cards: 0.1 ms]
      [Humongous Register: 0.0 ms]
      [Humongous Reclaim: 0.0 ms]
      [Free CSet: 0.0 ms]
   [Eden: 0.0B(50.0M)->0.0B(50.0M) Survivors: 0.0B->0.0B Heap: 98.6M(100.0M)->98.6M(100.0M)]
 [Times: user=0.01 sys=0.00, real=0.01 secs]
2020-07-10T15:55:33.323-0800: 46.618: [Full GC (Allocation Failure)  98M->50M(100M), 0.1843674 secs]
   [Eden: 0.0B(50.0M)->0.0B(50.0M) Survivors: 0.0B->0.0B Heap: 98.6M(100.0M)->50.1M(100.0M)], [Metaspace: 75437K->75359K(1118208K)]
 [Times: user=0.24 sys=0.00, real=0.18 secs]
2020-07-10T15:55:33.508-0800: 46.803: [GC concurrent-mark-abort]
2020-07-10T15:55:44.227-0800: 57.522: [GC pause (G1 Evacuation Pause) (young) (to-space exhausted), 0.0310375 secs]
   [Parallel Time: 17.4 ms, GC Workers: 4]
      [GC Worker Start (ms): Min: 57522.4, Avg: 57522.5, Max: 57522.7, Diff: 0.4]
      [Ext Root Scanning (ms): Min: 0.5, Avg: 2.7, Max: 9.0, Diff: 8.4, Sum: 10.9]
      [Update RS (ms): Min: 0.0, Avg: 0.7, Max: 1.1, Diff: 1.1, Sum: 2.6]
         [Processed Buffers: Min: 0, Avg: 9.0, Max: 17, Diff: 17, Sum: 36]
      [Scan RS (ms): Min: 0.0, Avg: 0.0, Max: 0.0, Diff: 0.0, Sum: 0.0]
      [Code Root Scanning (ms): Min: 0.0, Avg: 0.0, Max: 0.1, Diff: 0.1, Sum: 0.1]
      [Object Copy (ms): Min: 7.6, Avg: 13.3, Max: 16.1, Diff: 8.4, Sum: 53.2]
      [Termination (ms): Min: 0.0, Avg: 0.4, Max: 0.6, Diff: 0.6, Sum: 1.7]
         [Termination Attempts: Min: 1, Avg: 1.0, Max: 1, Diff: 0, Sum: 4]
      [GC Worker Other (ms): Min: 0.0, Avg: 0.0, Max: 0.0, Diff: 0.0, Sum: 0.0]
      [GC Worker Total (ms): Min: 17.0, Avg: 17.1, Max: 17.2, Diff: 0.2, Sum: 68.5]
      [GC Worker End (ms): Min: 57539.6, Avg: 57539.6, Max: 57539.7, Diff: 0.1]
   [Code Root Fixup: 0.0 ms]
   [Code Root Purge: 0.3 ms]
   [Clear CT: 0.1 ms]
   [Other: 13.3 ms]
      [Evacuation Failure: 11.6 ms]
      [Choose CSet: 0.0 ms]
      [Ref Proc: 1.5 ms]
      [Ref Enq: 0.0 ms]
      [Redirty Cards: 0.1 ms]
      [Humongous Register: 0.0 ms]
      [Humongous Reclaim: 0.0 ms]
      [Free CSet: 0.0 ms]
   [Eden: 49.0M(50.0M)->0.0B(50.0M) Survivors: 0.0B->0.0B Heap: 99.1M(100.0M)->99.1M(100.0M)]
 [Times: user=0.06 sys=0.00, real=0.03 secs]
2020-07-10T15:55:44.259-0800: 57.554: [GC pause (G1 Evacuation Pause) (young) (initial-mark), 0.0084279 secs]
   [Parallel Time: 6.5 ms, GC Workers: 4]
      [GC Worker Start (ms): Min: 57554.0, Avg: 57555.0, Max: 57555.9, Diff: 1.9]
      [Ext Root Scanning (ms): Min: 0.2, Avg: 2.7, Max: 4.4, Diff: 4.2, Sum: 10.8]
      [Update RS (ms): Min: 0.0, Avg: 2.2, Max: 4.2, Diff: 4.2, Sum: 8.9]
         [Processed Buffers: Min: 0, Avg: 9.2, Max: 16, Diff: 16, Sum: 37]
      [Scan RS (ms): Min: 0.0, Avg: 0.0, Max: 0.0, Diff: 0.0, Sum: 0.0]
      [Code Root Scanning (ms): Min: 0.0, Avg: 0.0, Max: 0.0, Diff: 0.0, Sum: 0.0]
      [Object Copy (ms): Min: 0.0, Avg: 0.1, Max: 0.2, Diff: 0.2, Sum: 0.3]
      [Termination (ms): Min: 0.0, Avg: 0.4, Max: 0.8, Diff: 0.8, Sum: 1.6]
         [Termination Attempts: Min: 1, Avg: 1.0, Max: 1, Diff: 0, Sum: 4]
      [GC Worker Other (ms): Min: 0.0, Avg: 0.0, Max: 0.0, Diff: 0.0, Sum: 0.0]
      [GC Worker Total (ms): Min: 4.4, Avg: 5.4, Max: 6.4, Diff: 1.9, Sum: 21.6]
      [GC Worker End (ms): Min: 57560.3, Avg: 57560.4, Max: 57560.4, Diff: 0.0]
   [Code Root Fixup: 0.0 ms]
   [Code Root Purge: 0.0 ms]
   [Clear CT: 0.1 ms]
   [Other: 1.8 ms]
      [Choose CSet: 0.0 ms]
      [Ref Proc: 1.6 ms]
      [Ref Enq: 0.0 ms]
      [Redirty Cards: 0.1 ms]
      [Humongous Register: 0.0 ms]
      [Humongous Reclaim: 0.0 ms]
      [Free CSet: 0.0 ms]
   [Eden: 0.0B(50.0M)->0.0B(50.0M) Survivors: 0.0B->0.0B Heap: 99.1M(100.0M)->99.1M(100.0M)]
 [Times: user=0.02 sys=0.00, real=0.01 secs]
2020-07-10T15:55:44.267-0800: 57.562: [GC concurrent-root-region-scan-start]
2020-07-10T15:55:44.267-0800: 57.563: [GC concurrent-root-region-scan-end, 0.0001237 secs]
2020-07-10T15:55:44.267-0800: 57.563: [GC concurrent-mark-start]
2020-07-10T15:55:44.267-0800: 57.563: [Full GC (Allocation Failure)  99M->50M(100M), 0.1890562 secs]
   [Eden: 0.0B(50.0M)->0.0B(50.0M) Survivors: 0.0B->0.0B Heap: 99.1M(100.0M)->50.5M(100.0M)], [Metaspace: 77826K->77682K(1120256K)]
 [Times: user=0.24 sys=0.00, real=0.19 secs]
2020-07-10T15:55:44.457-0800: 57.752: [GC concurrent-mark-abort]
Heap
 garbage-first heap   total 102400K, used 69105K [0x00000007f4000000, 0x00000007f4100320, 0x00000007fa400000)
  region size 1024K, 18 young (18432K), 0 survivors (0K)
 Metaspace       used 78112K, capacity 81916K, committed 82176K, reserved 1120256K
  class space    used 10034K, capacity 10708K, committed 10752K, reserved 1048576K



2020-07-10T15:54:59.178-0800: 12.473: [GC pause (G1 Evacuation Pause) (young), 0.0050419 secs]   G1  JVM12.4730.0050419 
   [Parallel Time: 3.5 ms, GC Workers: 4]   3.5 ms4
      [GC Worker Start (ms): Min: 12472.7, Avg: 12472.7, Max: 12472.7, Diff: 0.1]   gc MinMaxJVMCPU
      [Ext Root Scanning (ms): Min: 0.2, Avg: 0.5, Max: 0.8, Diff: 0.7, Sum: 1.8]   JNIJVM SumCPU
      [Update RS (ms): Min: 0.0, Avg: 0.2, Max: 0.3, Diff: 0.3, Sum: 0.9]
         [Processed Buffers: Min: 0, Avg: 2.2, Max: 6, Diff: 6, Sum: 9]
      [Scan RS (ms): Min: 0.4, Avg: 0.5, Max: 0.6, Diff: 0.2, Sum: 2.1]
      [Code Root Scanning (ms): Min: 0.0, Avg: 0.1, Max: 0.3, Diff: 0.3, Sum: 0.4]   var
      [Object Copy (ms): Min: 2.1, Avg: 2.1, Max: 2.1, Diff: 0.0, Sum: 8.4]          
      [Termination (ms): Min: 0.0, Avg: 0.0, Max: 0.0, Diff: 0.0, Sum: 0.0]          
         [Termination Attempts: Min: 1, Avg: 3.0, Max: 5, Diff: 4, Sum: 12]           
      [GC Worker Other (ms): Min: 0.0, Avg: 0.0, Max: 0.0, Diff: 0.0, Sum: 0.0]      
      [GC Worker Total (ms): Min: 3.4, Avg: 3.4, Max: 3.4, Diff: 0.1, Sum: 13.6]     
      [GC Worker End (ms): Min: 12476.1, Avg: 12476.1, Max: 12476.1, Diff: 0.0]       
   [Code Root Fixup: 0.0 ms]     
   [Code Root Purge: 0.0 ms]    
   [Clear CT: 0.1 ms]
   [Other: 1.4 ms]             
      [Choose CSet: 0.0 ms]
      [Ref Proc: 1.2 ms]       
      [Ref Enq: 0.0 ms]        ReferenceQueue
      [Redirty Cards: 0.1 ms]
      [Humongous Register: 0.0 ms]
      [Humongous Reclaim: 0.0 ms]
      [Free CSet: 0.0 ms]      
   [Eden: 43.0M(43.0M)->0.0B(43.0M) Survivors: 7168.0K->7168.0K Heap: 52.8M(100.0M)->10.8M(100.0M)] EdenSurvivorsHeap
 [Times: user=0.01 sys=0.00, real=0.01 secs]


 2020-07-10T15:55:23.795-0800: 37.090: [GC pause (G1 Evacuation Pause) (young) (initial-mark) (to-space exhausted), 0.0447475 secs]   
    [Parallel Time: 39.9 ms, GC Workers: 4]
       [GC Worker Start (ms): Min: 37089.7, Avg: 37089.7, Max: 37089.7, Diff: 0.1]
       [Ext Root Scanning (ms): Min: 1.5, Avg: 7.7, Max: 14.3, Diff: 12.8, Sum: 30.9]
       [Update RS (ms): Min: 0.8, Avg: 1.0, Max: 1.6, Diff: 0.8, Sum: 4.1]
          [Processed Buffers: Min: 5, Avg: 7.5, Max: 14, Diff: 9, Sum: 30]
       [Scan RS (ms): Min: 0.0, Avg: 0.0, Max: 0.0, Diff: 0.0, Sum: 0.0]
       [Code Root Scanning (ms): Min: 0.0, Avg: 0.0, Max: 0.1, Diff: 0.1, Sum: 0.1]
       [Object Copy (ms): Min: 23.8, Avg: 30.9, Max: 37.3, Diff: 13.6, Sum: 123.8]
       [Termination (ms): Min: 0.0, Avg: 0.0, Max: 0.0, Diff: 0.0, Sum: 0.0]
          [Termination Attempts: Min: 1, Avg: 1.8, Max: 3, Diff: 2, Sum: 7]
       [GC Worker Other (ms): Min: 0.0, Avg: 0.0, Max: 0.0, Diff: 0.0, Sum: 0.0]
       [GC Worker Total (ms): Min: 39.7, Avg: 39.8, Max: 39.8, Diff: 0.1, Sum: 159.0]
       [GC Worker End (ms): Min: 37129.5, Avg: 37129.5, Max: 37129.5, Diff: 0.0]
    [Code Root Fixup: 0.0 ms]
    [Code Root Purge: 0.0 ms]
    [Clear CT: 0.0 ms]
    [Other: 4.8 ms]
       [Evacuation Failure: 4.1 ms]
       [Choose CSet: 0.0 ms]
       [Ref Proc: 0.5 ms]
       [Ref Enq: 0.0 ms]
       [Redirty Cards: 0.1 ms]
       [Humongous Register: 0.0 ms]
       [Humongous Reclaim: 0.0 ms]
       [Free CSet: 0.0 ms]
    [Eden: 5120.0K(44.0M)->0.0B(50.0M) Survivors: 6144.0K->0.0B Heap: 100.0M(100.0M)->100.0M(100.0M)]
  [Times: user=0.07 sys=0.01, real=0.04 secs]
  2020-07-10T15:55:44.267-0800: 57.562: [GC concurrent-root-region-scan-start]   
  2020-07-10T15:55:44.267-0800: 57.563: [GC concurrent-root-region-scan-end, 0.0001237 secs]
    2020-07-10T15:55:44.267-0800: 57.563: [GC concurrent-mark-start]  CMSG1 GC
    2020-07-10T15:55:44.267-0800: 57.563: [Full GC (Allocation Failure)  99M->50M(100M), 0.1890562 secs]